Component: ARM Compiler 5.06 update 6 (build 750) Tool: armlink [4d35ed]

==============================================================================

Section Cross References

    system_stm32f10x.o(i.SetSysClock) refers to system_stm32f10x.o(i.SetSysClockTo72) for SetSysClockTo72
    system_stm32f10x.o(i.SystemCoreClockUpdate) refers to system_stm32f10x.o(.data) for SystemCoreClock
    system_stm32f10x.o(i.SystemInit) refers to system_stm32f10x.o(i.SetSysClock) for SetSysClock
    startup_stm32f10x_hd.o(STACK) refers (Special) to heapauxi.o(.text) for __use_two_region_memory
    startup_stm32f10x_hd.o(HEAP) refers (Special) to heapauxi.o(.text) for __use_two_region_memory
    startup_stm32f10x_hd.o(RESET) refers (Special) to heapauxi.o(.text) for __use_two_region_memory
    startup_stm32f10x_hd.o(RESET) refers to startup_stm32f10x_hd.o(STACK) for __initial_sp
    startup_stm32f10x_hd.o(RESET) refers to startup_stm32f10x_hd.o(.text) for Reset_Handler
    startup_stm32f10x_hd.o(RESET) refers to stm32f10x_it.o(i.NMI_Handler) for NMI_Handler
    startup_stm32f10x_hd.o(RESET) refers to stm32f10x_it.o(i.HardFault_Handler) for HardFault_Handler
    startup_stm32f10x_hd.o(RESET) refers to stm32f10x_it.o(i.MemManage_Handler) for MemManage_Handler
    startup_stm32f10x_hd.o(RESET) refers to stm32f10x_it.o(i.BusFault_Handler) for BusFault_Handler
    startup_stm32f10x_hd.o(RESET) refers to stm32f10x_it.o(i.UsageFault_Handler) for UsageFault_Handler
    startup_stm32f10x_hd.o(RESET) refers to stm32f10x_it.o(i.SVC_Handler) for SVC_Handler
    startup_stm32f10x_hd.o(RESET) refers to stm32f10x_it.o(i.DebugMon_Handler) for DebugMon_Handler
    startup_stm32f10x_hd.o(RESET) refers to stm32f10x_it.o(i.PendSV_Handler) for PendSV_Handler
    startup_stm32f10x_hd.o(RESET) refers to stm32f10x_it.o(i.SysTick_Handler) for SysTick_Handler
    startup_stm32f10x_hd.o(RESET) refers to beep.o(i.TIM3_IRQHandler) for TIM3_IRQHandler
    startup_stm32f10x_hd.o(RESET) refers to led.o(i.TIM4_IRQHandler) for TIM4_IRQHandler
    startup_stm32f10x_hd.o(RESET) refers to as608.o(i.USART3_IRQHandler) for USART3_IRQHandler
    startup_stm32f10x_hd.o(.text) refers (Special) to heapauxi.o(.text) for __use_two_region_memory
    startup_stm32f10x_hd.o(.text) refers to system_stm32f10x.o(i.SystemInit) for SystemInit
    startup_stm32f10x_hd.o(.text) refers to __main.o(!!!main) for __main
    startup_stm32f10x_hd.o(.text) refers to startup_stm32f10x_hd.o(HEAP) for Heap_Mem
    startup_stm32f10x_hd.o(.text) refers to startup_stm32f10x_hd.o(STACK) for Stack_Mem
    stm32f10x_adc.o(i.ADC_DeInit) refers to stm32f10x_rcc.o(i.RCC_APB2PeriphResetCmd) for RCC_APB2PeriphResetCmd
    stm32f10x_bkp.o(i.BKP_DeInit) refers to stm32f10x_rcc.o(i.RCC_BackupResetCmd) for RCC_BackupResetCmd
    stm32f10x_can.o(i.CAN_DeInit) refers to stm32f10x_rcc.o(i.RCC_APB1PeriphResetCmd) for RCC_APB1PeriphResetCmd
    stm32f10x_can.o(i.CAN_GetITStatus) refers to stm32f10x_can.o(i.CheckITStatus) for CheckITStatus
    stm32f10x_cec.o(i.CEC_DeInit) refers to stm32f10x_rcc.o(i.RCC_APB1PeriphResetCmd) for RCC_APB1PeriphResetCmd
    stm32f10x_dac.o(i.DAC_DeInit) refers to stm32f10x_rcc.o(i.RCC_APB1PeriphResetCmd) for RCC_APB1PeriphResetCmd
    stm32f10x_flash.o(i.FLASH_EnableWriteProtection) refers to stm32f10x_flash.o(i.FLASH_WaitForLastOperation) for FLASH_WaitForLastOperation
    stm32f10x_flash.o(i.FLASH_EraseAllBank1Pages) refers to stm32f10x_flash.o(i.FLASH_WaitForLastBank1Operation) for FLASH_WaitForLastBank1Operation
    stm32f10x_flash.o(i.FLASH_EraseAllPages) refers to stm32f10x_flash.o(i.FLASH_WaitForLastOperation) for FLASH_WaitForLastOperation
    stm32f10x_flash.o(i.FLASH_EraseOptionBytes) refers to stm32f10x_flash.o(i.FLASH_GetReadOutProtectionStatus) for FLASH_GetReadOutProtectionStatus
    stm32f10x_flash.o(i.FLASH_EraseOptionBytes) refers to stm32f10x_flash.o(i.FLASH_WaitForLastOperation) for FLASH_WaitForLastOperation
    stm32f10x_flash.o(i.FLASH_ErasePage) refers to stm32f10x_flash.o(i.FLASH_WaitForLastOperation) for FLASH_WaitForLastOperation
    stm32f10x_flash.o(i.FLASH_ProgramHalfWord) refers to stm32f10x_flash.o(i.FLASH_WaitForLastOperation) for FLASH_WaitForLastOperation
    stm32f10x_flash.o(i.FLASH_ProgramOptionByteData) refers to stm32f10x_flash.o(i.FLASH_WaitForLastOperation) for FLASH_WaitForLastOperation
    stm32f10x_flash.o(i.FLASH_ProgramWord) refers to stm32f10x_flash.o(i.FLASH_WaitForLastOperation) for FLASH_WaitForLastOperation
    stm32f10x_flash.o(i.FLASH_ReadOutProtection) refers to stm32f10x_flash.o(i.FLASH_WaitForLastOperation) for FLASH_WaitForLastOperation
    stm32f10x_flash.o(i.FLASH_UserOptionByteConfig) refers to stm32f10x_flash.o(i.FLASH_WaitForLastOperation) for FLASH_WaitForLastOperation
    stm32f10x_flash.o(i.FLASH_WaitForLastBank1Operation) refers to stm32f10x_flash.o(i.FLASH_GetBank1Status) for FLASH_GetBank1Status
[...]
    Libraries\CMSIS\CM3\CoreSupport\core_cm3.c 0x00000000   Number         0  core_cm3.o ABSOLUTE
    Libraries\CMSIS\CM3\DeviceSupport\ST\STM32F10x\startup\arm\startup_stm32f10x_hd.s 0x00000000   Number         0  startup_stm32f10x_hd.o ABSOLUTE
    Libraries\CMSIS\CM3\DeviceSupport\ST\STM32F10x\system_stm32f10x.c 0x00000000   Number         0  system_stm32f10x.o ABSOLUTE
    Libraries\STM32F10x_StdPeriph_Driver\src\misc.c 0x00000000   Number         0  misc.o ABSOLUTE
    Libraries\STM32F10x_StdPeriph_Driver\src\stm32f10x_adc.c 0x00000000   Number         0  stm32f10x_adc.o ABSOLUTE
    Libraries\STM32F10x_StdPeriph_Driver\src\stm32f10x_bkp.c 0x00000000   Number         0  stm32f10x_bkp.o ABSOLUTE
    Libraries\STM32F10x_StdPeriph_Driver\src\stm32f10x_can.c 0x00000000   Number         0  stm32f10x_can.o ABSOLUTE
    Libraries\STM32F10x_StdPeriph_Driver\src\stm32f10x_cec.c 0x00000000   Number         0  stm32f10x_cec.o ABSOLUTE
    Libraries\STM32F10x_StdPeriph_Driver\src\stm32f10x_crc.c 0x00000000   Number         0  stm32f10x_crc.o ABSOLUTE
    Libraries\STM32F10x_StdPeriph_Driver\src\stm32f10x_dac.c 0x00000000   Number         0  stm32f10x_dac.o ABSOLUTE
    Libraries\STM32F10x_StdPeriph_Driver\src\stm32f10x_dbgmcu.c 0x00000000   Number         0  stm32f10x_dbgmcu.o ABSOLUTE
    Libraries\STM32F10x_StdPeriph_Driver\src\stm32f10x_dma.c 0x00000000   Number         0  stm32f10x_dma.o ABSOLUTE
    Libraries\STM32F10x_StdPeriph_Driver\src\stm32f10x_exti.c 0x00000000   Number         0  stm32f10x_exti.o ABSOLUTE
    Libraries\STM32F10x_StdPeriph_Driver\src\stm32f10x_flash.c 0x00000000   Number         0  stm32f10x_flash.o ABSOLUTE
    Libraries\STM32F10x_StdPeriph_Driver\src\stm32f10x_fsmc.c 0x00000000   Number         0  stm32f10x_fsmc.o ABSOLUTE
    Libraries\STM32F10x_StdPeriph_Driver\src\stm32f10x_gpio.c 0x00000000   Number         0  stm32f10x_gpio.o ABSOLUTE
    Libraries\STM32F10x_StdPeriph_Driver\src\stm32f10x_i2c.c 0x00000000   Number         0  stm32f10x_i2c.o ABSOLUTE
    Libraries\STM32F10x_StdPeriph_Driver\src\stm32f10x_iwdg.c 0x00000000   Number         0  stm32f10x_iwdg.o ABSOLUTE
    Libraries\STM32F10x_StdPeriph_Driver\src\stm32f10x_pwr.c 0x00000000   Number         0  stm32f10x_pwr.o ABSOLUTE
    Libraries\STM32F10x_StdPeriph_Driver\src\stm32f10x_rcc.c 0x00000000   Number         0  stm32f10x_rcc.o ABSOLUTE
    Libraries\STM32F10x_StdPeriph_Driver\src\stm32f10x_rtc.c 0x00000000   Number         0  stm32f10x_rtc.o ABSOLUTE
    Libraries\STM32F10x_StdPeriph_Driver\src\stm32f10x_sdio.c 0x00000000   Number         0  stm32f10x_sdio.o ABSOLUTE
    Libraries\STM32F10x_StdPeriph_Driver\src\stm32f10x_spi.c 0x00000000   Number         0  stm32f10x_spi.o ABSOLUTE
    Libraries\STM32F10x_StdPeriph_Driver\src\stm32f10x_tim.c 0x00000000   Number         0  stm32f10x_tim.o ABSOLUTE
    Libraries\STM32F10x_StdPeriph_Driver\src\stm32f10x_usart.c 0x00000000   Number         0  stm32f10x_usart.o ABSOLUTE
    Libraries\STM32F10x_StdPeriph_Driver\src\stm32f10x_wwdg.c 0x00000000   Number         0  stm32f10x_wwdg.o ABSOLUTE
    Libraries\\CMSIS\\CM3\\CoreSupport\\core_cm3.c 0x00000000   Number         0  core_cm3.o ABSOLUTE
    USER\as608.c                             0x00000000   Number         0  as608.o ABSOLUTE
    USER\beep.c                              0x00000000   Number         0  beep.o ABSOLUTE
    USER\bsp_utils.c                         0x00000000   Number         0  bsp_utils.o ABSOLUTE
    USER\keyboard.c                          0x00000000   Number         0  keyboard.o ABSOLUTE
    USER\led.c                               0x00000000   Number         0  led.o ABSOLUTE
    USER\lock.c                              0x00000000   Number         0  lock.o ABSOLUTE
    USER\main.c                              0x00000000   Number         0  main.o ABSOLUTE
    USER\oled096.c                           0x00000000   Number         0  oled096.o ABSOLUTE
    USER\rc522.c                             0x00000000   Number         0  rc522.o ABSOLUTE
    USER\serialDebug.c                       0x00000000   Number         0  serialdebug.o ABSOLUTE
    USER\stm32f10x_it.c                      0x00000000   Number         0  stm32f10x_it.o ABSOLUTE
    USER\w25qxx.c                            0x00000000   Number         0  w25qxx.o ABSOLUTE
    dc.s                                     0x00000000   Number         0  dc.o ABSOLUTE
    RESET                                    0x08000000   Section      304  startup_stm32f10x_hd.o(RESET)
    !!!main                                  0x08000130   Section        8  __main.o(!!!main)
    !!!scatter                               0x08000138   Section       52  __scatter.o(!!!scatter)
    !!dczerorl2                              0x0800016c   Section       90  __dczerorl2.o(!!dczerorl2)
    !!handler_zi                             0x080001c8   Section       28  __scatter_zi.o(!!handler_zi)
    .ARM.Collect$$_printf_percent$$00000000  0x080001e4   Section        0  _printf_percent.o(.ARM.Collect$$_printf_percent$$00000000)
    .ARM.Collect$$_printf_percent$$0000000A  0x080001e4   Section        6  _printf_u.o(.ARM.Collect$$_printf_percent$$0000000A)
    .ARM.Collect$$_printf_percent$$0000000C  0x080001ea   Section        6  _printf_x.o(.ARM.Collect$$_printf_percent$$0000000C)
    .ARM.Collect$$_printf_percent$$00000017  0x080001f0   Section        4  _printf_percent_end.o(.ARM.Collect$$_printf_percent$$00000017)
    .ARM.Collect$$libinit$$00000000          0x080001f4   Section        2  libinit.o(.ARM.Collect$$libinit$$00000000)
    .ARM.Collect$$libinit$$00000002          0x080001f6   Section        0  libinit2.o(.ARM.Collect$$libinit$$00000002)
    .ARM.Collect$$libinit$$00000004          0x080001f6   Section        0  libinit2.o(.ARM.Collect$$libinit$$00000004)
    .ARM.Collect$$libinit$$0000000A          0x080001f6   Section        0  libinit2.o(.ARM.Collect$$libinit$$0000000A)
    .ARM.Collect$$libinit$$0000000C          0x080001f6   Section        0  libinit2.o(.ARM.Collect$$libinit$$0000000C)
    .ARM.Collect$$libinit$$0000000E          0x080001f6   Section        0  libinit2.o(.ARM.Collect$$libinit$$0000000E)
    .ARM.Collect$$libinit$$00000011          0x080001f6   Section        0  libinit2.o(.ARM.Collect$$libinit$$00000011)
    .ARM.Collect$$libinit$$00000013          0x080001f6   Section        0  libinit2.o(.ARM.Collect$$libinit$$00000013)
    .ARM.Collect$$libinit$$00000015          0x080001f6   Section        0  libinit2.o(.ARM.Collect$$libinit$$00000015)
    .ARM.Collect$$libinit$$00000017          0x080001f6   Section        0  libinit2.o(.ARM.Collect$$libinit$$00000017)
    .ARM.Collect$$libinit$$00000019          0x080001f6   Section        0  libinit2.o(.ARM.Collect$$libinit$$00000019)
    .ARM.Collect$$libinit$$0000001B          0x080001f6   Section        0  libinit2.o(.ARM.Collect$$libinit$$0000001B)
    .ARM.Collect$$libinit$$0000001D          0x080001f6   Section        0  libinit2.o(.ARM.Collect$$libinit$$0000001D)
    .ARM.Collect$$libinit$$0000001F          0x080001f6   Section        0  libinit2.o(.ARM.Collect$$libinit$$0000001F)
    .ARM.Collect$$libinit$$00000021          0x080001f6   Section        0  libinit2.o(.ARM.Collect$$libinit$$00000021)
    .ARM.Collect$$libinit$$00000023          0x080001f6   Section        0  libinit2.o(.ARM.Collect$$libinit$$00000023)
    .ARM.Collect$$libinit$$00000025          0x080001f6   Section        0  libinit2.o(.ARM.Collect$$libinit$$00000025)
    .ARM.Collect$$libinit$$0000002C          0x080001f6   Section        0  libinit2.o(.ARM.Collect$$libinit$$0000002C)
    .ARM.Collect$$libinit$$0000002E          0x080001f6   Section        0  libinit2.o(.ARM.Collect$$libinit$$0000002E)
    .ARM.Collect$$libinit$$00000030          0x080001f6   Section        0  libinit2.o(.ARM.Collect$$libinit$$00000030)
    .ARM.Collect$$libinit$$00000032          0x080001f6   Section        0  libinit2.o(.ARM.Collect$$libinit$$00000032)
    .ARM.Collect$$libinit$$00000033          0x080001f6   Section        2  libinit2.o(.ARM.Collect$$libinit$$00000033)
    .ARM.Collect$$libshutdown$$00000000      0x080001f8   Section        2  libshutdown.o(.ARM.Collect$$libshutdown$$00000000)
    .ARM.Collect$$libshutdown$$00000002      0x080001fa   Section        0  libshutdown2.o(.ARM.Collect$$libshutdown$$00000002)
    .ARM.Collect$$libshutdown$$00000004      0x080001fa   Section        0  libshutdown2.o(.ARM.Collect$$libshutdown$$00000004)
    .ARM.Collect$$libshutdown$$00000007      0x080001fa   Section        0  libshutdown2.o(.ARM.Collect$$libshutdown$$00000007)
    .ARM.Collect$$libshutdown$$0000000A      0x080001fa   Section        0  libshutdown2.o(.ARM.Collect$$libshutdown$$0000000A)
    .ARM.Collect$$libshutdown$$0000000C      0x080001fa   Section        0  libshutdown2.o(.ARM.Collect$$libshutdown$$0000000C)
    .ARM.Collect$$libshutdown$$0000000F      0x080001fa   Section        0  libshutdown2.o(.ARM.Collect$$libshutdown$$0000000F)
    .ARM.Collect$$libshutdown$$00000010      0x080001fa   Section        2  libshutdown2.o(.ARM.Collect$$libshutdown$$00000010)
    .ARM.Collect$$rtentry$$00000000          0x080001fc   Section        0  __rtentry.o(.ARM.Collect$$rtentry$$00000000)
    .ARM.Collect$$rtentry$$00000002          0x080001fc   Section        0  __rtentry2.o(.ARM.Collect$$rtentry$$00000002)
    .ARM.Collect$$rtentry$$00000004          0x080001fc   Section        6  __rtentry4.o(.ARM.Collect$$rtentry$$00000004)
    .ARM.Collect$$rtentry$$00000009          0x08000202   Section        0  __rtentry2.o(.ARM.Collect$$rtentry$$00000009)
    .ARM.Collect$$rtentry$$0000000A          0x08000202   Section        4  __rtentry2.o(.ARM.Collect$$rtentry$$0000000A)
    .ARM.Collect$$rtentry$$0000000C          0x08000206   Section        0  __rtentry2.o(.ARM.Collect$$rtentry$$0000000C)
    .ARM.Collect$$rtentry$$0000000D          0x08000206   Section        8  __rtentry2.o(.ARM.Collect$$rtentry$$0000000D)
    .ARM.Collect$$rtexit$$00000000           0x0800020e   Section        2  rtexit.o(.ARM.Collect$$rtexit$$00000000)
    .ARM.Collect$$rtexit$$00000002           0x08000210   Section        0  rtexit2.o(.ARM.Collect$$rtexit$$00000002)
    .ARM.Collect$$rtexit$$00000003           0x08000210   Section        4  rtexit2.o(.ARM.Collect$$rtexit$$00000003)
    .ARM.Collect$$rtexit$$00000004           0x08000214   Section        6  rtexit2.o(.ARM.Collect$$rtexit$$00000004)
    .text                                    0x0800021c   Section       64  startup_stm32f10x_hd.o(.text)
    .text                                    0x0800025c   Section        0  noretval__2sprintf.o(.text)
    .text                                    0x08000284   Section        0  _printf_pad.o(.text)
    .text                                    0x080002d4   Section        0  _printf_dec.o(.text)
    .text                                    0x0800034c   Section        0  _printf_hex_int.o(.text)
    .text                                    0x080003a4   Section        0  __printf_flags_wp.o(.text)
    .text                                    0x080004dc   Section      100  rt_memcpy_w.o(.text)
    .text                                    0x08000540   Section        0  heapauxi.o(.text)
    .text                                    0x08000546   Section        0  _printf_intcommon.o(.text)
    .text                                    0x080005f8   Section        0  _printf_char_common.o(.text)
    _printf_input_char                       0x080005f9   Thumb Code    10  _printf_char_common.o(.text)
    .text                                    0x08000628   Section        0  _sputc.o(.text)
    .text                                    0x08000632   Section       74  sys_stackheap_outer.o(.text)
    .text                                    0x0800067c   Section        0  exit.o(.text)
    .text                                    0x08000690   Section        8  libspace.o(.text)
    .text                                    0x08000698   Section        0  sys_exit.o(.text)
    .text                                    0x080006a4   Section        2  use_no_semi.o(.text)
    .text                                    0x080006a6   Section        0  indicate_semi.o(.text)
    i.AS608_PS_DeleteChar                    0x080006a8   Section        0  as608.o(i.AS608_PS_DeleteChar)
    i.AS608_PS_GenChar                       0x08000758   Section        0  as608.o(i.AS608_PS_GenChar)
    i.AS608_PS_GetImage                      0x080007e8   Section        0  as608.o(i.AS608_PS_GetImage)
    i.AS608_PS_RegModel                      0x08000858   Section        0  as608.o(i.AS608_PS_RegModel)
    i.AS608_PS_Search                        0x080008c8   Section        0  as608.o(i.AS608_PS_Search)
    i.AS608_PS_StoreChar                     0x080009d8   Section        0  as608.o(i.AS608_PS_StoreChar)
    i.AS608_clearRecvBuff                    0x08000a88   Section        0  as608.o(i.AS608_clearRecvBuff)
    i.AS608_init                             0x08000ab0   Section        0  as608.o(i.AS608_init)
    i.AS608_isFingerAvailable                0x08000b94   Section        0  as608.o(i.AS608_isFingerAvailable)
    i.AS608_sendData                         0x08000bc4   Section        0  as608.o(i.AS608_sendData)
    i.Beep_init                              0x08000bf4   Section        0  beep.o(i.Beep_init)
    i.Beep_setEnable                         0x08000c8c   Section        0  beep.o(i.Beep_setEnable)
    i.Beep_setFrequency                      0x08000cdc   Section        0  beep.o(i.Beep_setFrequency)
    i.BusFault_Handler                       0x08000d2c   Section        0  stm32f10x_it.o(i.BusFault_Handler)
    i.DebugMon_Handler                       0x08000d30   Section        0  stm32f10x_it.o(i.DebugMon_Handler)
    i.GPIO_Init                              0x08000d32   Section        0  stm32f10x_gpio.o(i.GPIO_Init)
    i.GPIO_ReadInputDataBit                  0x08000e48   Section        0  stm32f10x_gpio.o(i.GPIO_ReadInputDataBit)
    i.GPIO_WriteBit                          0x08000e5a   Section        0  stm32f10x_gpio.o(i.GPIO_WriteBit)
    i.HardFault_Handler                      0x08000e64   Section        0  stm32f10x_it.o(i.HardFault_Handler)
    i.Keyboard_init                          0x08000e68   Section        0  keyboard.o(i.Keyboard_init)
    i.Keyboard_readColumn                    0x08000ee4   Section        0  keyboard.o(i.Keyboard_readColumn)
    i.Keyboard_scan                          0x08000f24   Section        0  keyboard.o(i.Keyboard_scan)
    i.Keyboard_setRow                        0x08001144   Section        0  keyboard.o(i.Keyboard_setRow)
    i.Led_init                               0x080011a8   Section        0  led.o(i.Led_init)
    i.Led_pinCtrl                            0x08001234   Section        0  led.o(i.Led_pinCtrl)
    i.Led_setBlink                           0x08001284   Section        0  led.o(i.Led_setBlink)
    i.Led_setColor                           0x080012ec   Section        0  led.o(i.Led_setColor)
    i.Lock_getDoorStatus                     0x08001378   Section        0  lock.o(i.Lock_getDoorStatus)
    i.Lock_init                              0x08001390   Section        0  lock.o(i.Lock_init)
    i.Lock_setLock                           0x080013dc   Section        0  lock.o(i.Lock_setLock)
    i.MemManage_Handler                      0x080013fc   Section        0  stm32f10x_it.o(i.MemManage_Handler)
    i.NMI_Handler                            0x08001400   Section        0  stm32f10x_it.o(i.NMI_Handler)
    i.NVIC_Init                              0x08001404   Section        0  misc.o(i.NVIC_Init)
    i.OLED096_SPIWriteReadByte               0x08001474   Section        0  oled096.o(i.OLED096_SPIWriteReadByte)
    i.OLED096_clearScreen                    0x080014c8   Section        0  oled096.o(i.OLED096_clearScreen)
    i.OLED096_hwInit                         0x08001508   Section        0  oled096.o(i.OLED096_hwInit)
    i.OLED096_init                           0x080015e0   Section        0  oled096.o(i.OLED096_init)
    i.OLED096_pinCtrl                        0x080015f0   Section        0  oled096.o(i.OLED096_pinCtrl)
    i.OLED096_reset                          0x08001634   Section        0  oled096.o(i.OLED096_reset)
    i.OLED096_writeByte                      0x08001756   Section        0  oled096.o(i.OLED096_writeByte)
    i.OLED096_writeLine                      0x0800178c   Section        0  oled096.o(i.OLED096_writeLine)
    i.PendSV_Handler                         0x080018e8   Section        0  stm32f10x_it.o(i.PendSV_Handler)
    i.RC522_M500PcdConfigISOType             0x080018ea   Section        0  rc522.o(i.RC522_M500PcdConfigISOType)
    i.RC522_SPIWriteReadByte                 0x08001940   Section        0  rc522.o(i.RC522_SPIWriteReadByte)
    i.RC522_clearBitMask                     0x08001994   Section        0  rc522.o(i.RC522_clearBitMask)
    i.RC522_hwInit                           0x080019b0   Section        0  rc522.o(i.RC522_hwInit)
    i.RC522_init                             0x08001a90   Section        0  rc522.o(i.RC522_init)
    i.RC522_pcdAntennaOn                     0x08001aa0   Section        0  rc522.o(i.RC522_pcdAntennaOn)
    i.RC522_pcdAnticoll                      0x08001aba   Section        0  rc522.o(i.RC522_pcdAnticoll)
    i.RC522_pcdComMF522                      0x08001b2c   Section        0  rc522.o(i.RC522_pcdComMF522)
    i.RC522_pcdRequest                       0x08001c5e   Section        0  rc522.o(i.RC522_pcdRequest)
    i.RC522_pcdReset                         0x08001cb4   Section        0  rc522.o(i.RC522_pcdReset)
    i.RC522_pinCtrl                          0x08001d40   Section        0  rc522.o(i.RC522_pinCtrl)
    i.RC522_readRawRC                        0x08001d74   Section        0  rc522.o(i.RC522_readRawRC)
    i.RC522_setBitMask                       0x08001da4   Section        0  rc522.o(i.RC522_setBitMask)
    i.RC522_writeRawRC                       0x08001dbe   Section        0  rc522.o(i.RC522_writeRawRC)
    i.RCC_APB1PeriphClockCmd                 0x08001de8   Section        0  stm32f10x_rcc.o(i.RCC_APB1PeriphClockCmd)
    i.RCC_APB2PeriphClockCmd                 0x08001e08   Section        0  stm32f10x_rcc.o(i.RCC_APB2PeriphClockCmd)
    i.RCC_GetClocksFreq                      0x08001e28   Section        0  stm32f10x_rcc.o(i.RCC_GetClocksFreq)
    i.SPI_Cmd                                0x08001efc   Section        0  stm32f10x_spi.o(i.SPI_Cmd)
    i.SPI_I2S_GetFlagStatus                  0x08001f14   Section        0  stm32f10x_spi.o(i.SPI_I2S_GetFlagStatus)
    i.SPI_I2S_ReceiveData                    0x08001f26   Section        0  stm32f10x_spi.o(i.SPI_I2S_ReceiveData)
    i.SPI_I2S_SendData                       0x08001f2c   Section        0  stm32f10x_spi.o(i.SPI_I2S_SendData)
    i.SPI_Init                               0x08001f30   Section        0  stm32f10x_spi.o(i.SPI_Init)
    i.SVC_Handler                            0x08001f6c   Section        0  stm32f10x_it.o(i.SVC_Handler)
    i.SetSysClock                            0x08001f6e   Section        0  system_stm32f10x.o(i.SetSysClock)
    SetSysClock                              0x08001f6f   Thumb Code     8  system_stm32f10x.o(i.SetSysClock)
    i.SetSysClockTo72                        0x08001f78   Section        0  system_stm32f10x.o(i.SetSysClockTo72)
    SetSysClockTo72                          0x08001f79   Thumb Code   214  system_stm32f10x.o(i.SetSysClockTo72)
    i.SysTick_Handler                        0x08002058   Section        0  stm32f10x_it.o(i.SysTick_Handler)
    i.SystemInit                             0x0800205c   Section        0  system_stm32f10x.o(i.SystemInit)
    i.TIM3_IRQHandler                        0x080020bc   Section        0  beep.o(i.TIM3_IRQHandler)
    i.TIM4_IRQHandler                        0x08002110   Section        0  led.o(i.TIM4_IRQHandler)
    i.TIM_ClearITPendingBit                  0x0800219c   Section        0  stm32f10x_tim.o(i.TIM_ClearITPendingBit)
    i.TIM_Cmd                                0x080021a2   Section        0  stm32f10x_tim.o(i.TIM_Cmd)
    i.TIM_GetCounter                         0x080021ba   Section        0  stm32f10x_tim.o(i.TIM_GetCounter)
    i.TIM_GetITStatus                        0x080021c0   Section        0  stm32f10x_tim.o(i.TIM_GetITStatus)
    i.TIM_ITConfig                           0x080021e2   Section        0  stm32f10x_tim.o(i.TIM_ITConfig)
    i.TIM_SetCounter                         0x080021f4   Section        0  stm32f10x_tim.o(i.TIM_SetCounter)
    i.TIM_TimeBaseInit                       0x080021f8   Section        0  stm32f10x_tim.o(i.TIM_TimeBaseInit)
    i.USART3_IRQHandler                      0x0800229c   Section        0  as608.o(i.USART3_IRQHandler)
    i.USART_Cmd                              0x080022d8   Section        0  stm32f10x_usart.o(i.USART_Cmd)
    i.USART_GetFlagStatus                    0x080022f0   Section        0  stm32f10x_usart.o(i.USART_GetFlagStatus)
    i.USART_GetITStatus                      0x0800230a   Section        0  stm32f10x_usart.o(i.USART_GetITStatus)
    i.USART_ITConfig                         0x0800235e   Section        0  stm32f10x_usart.o(i.USART_ITConfig)
    i.USART_Init                             0x080023a8   Section        0  stm32f10x_usart.o(i.USART_Init)
    i.USART_ReceiveData                      0x08002480   Section        0  stm32f10x_usart.o(i.USART_ReceiveData)
    i.USART_SendData                         0x0800248a   Section        0  stm32f10x_usart.o(i.USART_SendData)
    i.UsageFault_Handler                     0x08002492   Section        0  stm32f10x_it.o(i.UsageFault_Handler)
    i.W25QXX_SPIWriteReadByte                0x08002498   Section        0  w25qxx.o(i.W25QXX_SPIWriteReadByte)
    i.W25QXX_eraseSector                     0x080024ec   Section        0  w25qxx.o(i.W25QXX_eraseSector)
    i.W25QXX_init                            0x0800252c   Section        0  w25qxx.o(i.W25QXX_init)
    i.W25QXX_pinCtrl                         0x080025f0   Section        0  w25qxx.o(i.W25QXX_pinCtrl)
    i.W25QXX_read                            0x08002610   Section        0  w25qxx.o(i.W25QXX_read)
    i.W25QXX_readSR                          0x0800265e   Section        0  w25qxx.o(i.W25QXX_readSR)
    i.W25QXX_waitBusy                        0x08002684   Section        0  w25qxx.o(i.W25QXX_waitBusy)
    i.W25QXX_write                           0x08002698   Section        0  w25qxx.o(i.W25QXX_write)
    i.W25QXX_writeEnable                     0x08002750   Section        0  w25qxx.o(i.W25QXX_writeEnable)
    i.W25QXX_writePage                       0x0800276a   Section        0  w25qxx.o(i.W25QXX_writePage)
    i.W25QXX_write_NoCheck                   0x080027be   Section        0  w25qxx.o(i.W25QXX_write_NoCheck)
    i._is_digit                              0x08002804   Section        0  __printf_wp.o(i._is_digit)
    i.countAdminAccount                      0x08002812   Section        0  main.o(i.countAdminAccount)
    i.delay_init                             0x08002850   Section        0  bsp_utils.o(i.delay_init)
    i.delay_ms                               0x08002890   Section        0  bsp_utils.o(i.delay_ms)
    i.delay_us                               0x080028d6   Section        0  bsp_utils.o(i.delay_us)
    i.displayWindow                          0x0800290c   Section        0  main.o(i.displayWindow)
    i.main                                   0x08003650   Section        0  main.o(i.main)
    i.playSound                              0x08005128   Section        0  main.o(i.playSound)
    i.readFlashCard                          0x080052be   Section        0  main.o(i.readFlashCard)
    i.readFlashFingerprint                   0x08005328   Section        0  main.o(i.readFlashFingerprint)
    i.readFlashPassword                      0x08005380   Section        0  main.o(i.readFlashPassword)
    i.readNoticeDelay                        0x080053e2   Section        0  main.o(i.readNoticeDelay)
    i.recordFingerprintOp                    0x08005414   Section        0  main.o(i.recordFingerprintOp)
    i.registerCardOp                         0x0800563c   Section        0  main.o(i.registerCardOp)
    i.removeAllAccounts                      0x080057ac   Section        0  main.o(i.removeAllAccounts)
    i.removeCard                             0x080057d8   Section        0  main.o(i.removeCard)
    i.removeFingerprint                      0x08005812   Section        0  main.o(i.removeFingerprint)
    i.removePassword                         0x0800585c   Section        0  main.o(i.removePassword)
    i.sDebug_init                            0x08005890   Section        0  serialdebug.o(i.sDebug_init)
    i.saveNoticeDelay                        0x08005920   Section        0  main.o(i.saveNoticeDelay)
    i.searchCard                             0x08005948   Section        0  main.o(i.searchCard)
    i.searchPassword                         0x08005a32   Section        0  main.o(i.searchPassword)
    i.setLedAction                           0x08005b18   Section        0  main.o(i.setLedAction)
    i.setPassword                            0x08005b60   Section        0  main.o(i.setPassword)
    x$fpl$ddiv                               0x08005bb8   Section      688  ddiv.o(x$fpl$ddiv)
    ddiv_entry                               0x08005bbf   Thumb Code     0  ddiv.o(x$fpl$ddiv)
    x$fpl$dfixu                              0x08005e68   Section       90  dfixu.o(x$fpl$dfixu)
    x$fpl$dfltu                              0x08005ec2   Section       38  dflt_clz.o(x$fpl$dfltu)
    x$fpl$dnaninf                            0x08005ee8   Section      156  dnaninf.o(x$fpl$dnaninf)
    x$fpl$dretinf                            0x08005f84   Section       12  dretinf.o(x$fpl$dretinf)
    .constdata                               0x08005f90   Section       40  _printf_hex_int.o(.constdata)
    x$fpl$usenofp                            0x08005f90   Section        0  usenofp.o(x$fpl$usenofp)
    uc_hextab                                0x08005f90   Data          20  _printf_hex_int.o(.constdata)
    lc_hextab                                0x08005fa4   Data          20  _printf_hex_int.o(.constdata)
    .constdata                               0x08005fb8   Section       17  __printf_flags_wp.o(.constdata)
    maptable                                 0x08005fb8   Data          17  __printf_flags_wp.o(.constdata)
    .data                                    0x20000000   Section       20  stm32f10x_rcc.o(.data)
    APBAHBPrescTable                         0x20000000   Data          16  stm32f10x_rcc.o(.data)
    ADCPrescTable                            0x20000010   Data           4  stm32f10x_rcc.o(.data)
    .data                                    0x20000014   Section      225  main.o(.data)
    .data                                    0x200000f5   Section     1520  oled096.o(.data)
    .data                                    0x200006e5   Section        1  bsp_utils.o(.data)
    .data                                    0x200006e6   Section        9  led.o(.data)
    .data                                    0x200006ef   Section        1  beep.o(.data)
    .data                                    0x200006f0   Section        1  as608.o(.data)
    .bss                                     0x200006f4   Section      138  main.o(.bss)
    .bss                                     0x2000077e   Section     4096  w25qxx.o(.bss)
    .bss                                     0x2000177e   Section      255  as608.o(.bss)
    .bss                                     0x20001880   Section       96  libspace.o(.bss)
    HEAP                                     0x200018e0   Section      512  startup_stm32f10x_hd.o(HEAP)
    Heap_Mem                                 0x200018e0   Data         512  startup_stm32f10x_hd.o(HEAP)
    STACK                                    0x20001ae0   Section     1024  startup_stm32f10x_hd.o(STACK)
    Stack_Mem                                0x20001ae0   Data        1024  startup_stm32f10x_hd.o(STACK)
    __initial_sp                             0x20001ee0   Data           0  startup_stm32f10x_hd.o(STACK)

    Global Symbols

    Symbol Name                              Value     Ov Type        Size  Object(Section)

    BuildAttributes$$THM_ISAv4$P$D$K$B$S$PE$A:L22UL41UL21$X:L11$S22US41US21$IEEE1$IW$USESV6$~STKCKD$USESV7$~SHL$OSPACE$ROPI$EBA8$UX$STANDARDLIB$REQ8$PRES8$EABIv2 0x00000000   Number         0  anon$$obj.o ABSOLUTE
    __ARM_use_no_argv                        0x00000000   Number         0  main.o ABSOLUTE
    _printf_flags                            0x00000000   Number         0  printf_stubs.o ABSOLUTE
    _printf_return_value                     0x00000000   Number         0  printf_stubs.o ABSOLUTE
    _printf_sizespec                         0x00000000   Number         0  printf_stubs.o ABSOLUTE
    _printf_widthprec                        0x00000000   Number         0  printf_stubs.o ABSOLUTE
    __ARM_exceptions_init                     - Undefined Weak Reference
    __alloca_initialize                       - Undefined Weak Reference
    __arm_preinit_                            - Undefined Weak Reference
    __cpp_initialize__aeabi_                  - Undefined Weak Reference
    __cxa_finalize                            - Undefined Weak Reference
    __rt_locale                               - Undefined Weak Reference
    __sigvec_lookup                           - Undefined Weak Reference
    _atexit_init                              - Undefined Weak Reference
    _call_atexit_fns                          - Undefined Weak Reference
    _clock_init                               - Undefined Weak Reference
    _fp_trap_init                             - Undefined Weak Reference
    _fp_trap_shutdown                         - Undefined Weak Reference
    _get_lc_collate                           - Undefined Weak Reference
    _get_lc_ctype                             - Undefined Weak Reference
    _get_lc_monetary                          - Undefined Weak Reference
    _get_lc_numeric                           - Undefined Weak Reference
    _get_lc_time                              - Undefined Weak Reference
    _getenv_init                              - Undefined Weak Reference
    _handle_redirection                       - Undefined Weak Reference
    _init_alloc                               - Undefined Weak Reference
    _init_user_alloc                          - Undefined Weak Reference
    _initio                                   - Undefined Weak Reference
    _printf_truncate_signed                   - Undefined Weak Reference
    _printf_truncate_unsigned                 - Undefined Weak Reference
    _rand_init                                - Undefined Weak Reference
    _signal_finish                            - Undefined Weak Reference
    _signal_init                              - Undefined Weak Reference
    _terminate_alloc                          - Undefined Weak Reference
    _terminate_user_alloc                     - Undefined Weak Reference
    _terminateio                              - Undefined Weak Reference
    __Vectors_Size                           0x00000130   Number         0  startup_stm32f10x_hd.o ABSOLUTE
    __Vectors                                0x08000000   Data           4  startup_stm32f10x_hd.o(RESET)
    __Vectors_End                            0x08000130   Data           0  startup_stm32f10x_hd.o(RESET)
    __main                                   0x08000131   Thumb Code     8  __main.o(!!!main)
    __scatterload                            0x08000139   Thumb Code     0  __scatter.o(!!!scatter)
    __scatterload_rt2                        0x08000139   Thumb Code    44  __scatter.o(!!!scatter)
    __scatterload_rt2_thumb_only             0x08000139   Thumb Code     0  __scatter.o(!!!scatter)
    __scatterload_null                       0x08000147   Thumb Code     0  __scatter.o(!!!scatter)
    __decompress                             0x0800016d   Thumb Code    90  __dczerorl2.o(!!dczerorl2)
    __decompress1                            0x0800016d   Thumb Code     0  __dczerorl2.o(!!dczerorl2)
    __scatterload_zeroinit                   0x080001c9   Thumb Code    28  __scatter_zi.o(!!handler_zi)
    _printf_percent                          0x080001e5   Thumb Code     0  _printf_percent.o(.ARM.Collect$$_printf_percent$$00000000)
    _printf_u                                0x080001e5   Thumb Code     0  _printf_u.o(.ARM.Collect$$_printf_percent$$0000000A)
    _printf_x                                0x080001eb   Thumb Code     0  _printf_x.o(.ARM.Collect$$_printf_percent$$0000000C)
    _printf_percent_end                      0x080001f1   Thumb Code     0  _printf_percent_end.o(.ARM.Collect$$_printf_percent$$00000017)
    __rt_lib_init                            0x080001f5   Thumb Code     0  libinit.o(.ARM.Collect$$libinit$$00000000)
    __rt_lib_init_alloca_1                   0x080001f7   Thumb Code     0  libinit2.o(.ARM.Collect$$libinit$$0000002E)
    __rt_lib_init_argv_1                     0x080001f7   Thumb Code     0  libinit2.o(.ARM.Collect$$libinit$$0000002C)
    __rt_lib_init_atexit_1                   0x080001f7   Thumb Code     0  libinit2.o(.ARM.Collect$$libinit$$0000001B)
    __rt_lib_init_clock_1                    0x080001f7   Thumb Code     0  libinit2.o(.ARM.Collect$$libinit$$00000021)
    __rt_lib_init_cpp_1                      0x080001f7   Thumb Code     0  libinit2.o(.ARM.Collect$$libinit$$00000032)
    __rt_lib_init_exceptions_1               0x080001f7   Thumb Code     0  libinit2.o(.ARM.Collect$$libinit$$00000030)
    __rt_lib_init_fp_1                       0x080001f7   Thumb Code     0  libinit2.o(.ARM.Collect$$libinit$$00000002)
    __rt_lib_init_fp_trap_1                  0x080001f7   Thumb Code     0  libinit2.o(.ARM.Collect$$libinit$$0000001F)
    __rt_lib_init_getenv_1                   0x080001f7   Thumb Code     0  libinit2.o(.ARM.Collect$$libinit$$00000023)
    __rt_lib_init_heap_1                     0x080001f7   Thumb Code     0  libinit2.o(.ARM.Collect$$libinit$$0000000A)
    __rt_lib_init_lc_collate_1               0x080001f7   Thumb Code     0  libinit2.o(.ARM.Collect$$libinit$$00000011)
    __rt_lib_init_lc_ctype_1                 0x080001f7   Thumb Code     0  libinit2.o(.ARM.Collect$$libinit$$00000013)
    __rt_lib_init_lc_monetary_1              0x080001f7   Thumb Code     0  libinit2.o(.ARM.Collect$$libinit$$00000015)
    __rt_lib_init_lc_numeric_1               0x080001f7   Thumb Code     0  libinit2.o(.ARM.Collect$$libinit$$00000017)
    __rt_lib_init_lc_time_1                  0x080001f7   Thumb Code     0  libinit2.o(.ARM.Collect$$libinit$$00000019)
    __rt_lib_init_preinit_1                  0x080001f7   Thumb Code     0  libinit2.o(.ARM.Collect$$libinit$$00000004)
    __rt_lib_init_rand_1                     0x080001f7   Thumb Code     0  libinit2.o(.ARM.Collect$$libinit$$0000000E)
    __rt_lib_init_return                     0x080001f7   Thumb Code     0  libinit2.o(.ARM.Collect$$libinit$$00000033)
    __rt_lib_init_signal_1                   0x080001f7   Thumb Code     0  libinit2.o(.ARM.Collect$$libinit$$0000001D)
    __rt_lib_init_stdio_1                    0x080001f7   Thumb Code     0  libinit2.o(.ARM.Collect$$libinit$$00000025)
    __rt_lib_init_user_alloc_1               0x080001f7   Thumb Code     0  libinit2.o(.ARM.Collect$$libinit$$0000000C)
    __rt_lib_shutdown                        0x080001f9   Thumb Code     0  libshutdown.o(.ARM.Collect$$libshutdown$$00000000)
    __rt_lib_shutdown_cpp_1                  0x080001fb   Thumb Code     0  libshutdown2.o(.ARM.Collect$$libshutdown$$00000002)
    __rt_lib_shutdown_fp_trap_1              0x080001fb   Thumb Code     0  libshutdown2.o(.ARM.Collect$$libshutdown$$00000007)
    __rt_lib_shutdown_heap_1                 0x080001fb   Thumb Code     0  libshutdown2.o(.ARM.Collect$$libshutdown$$0000000F)
    __rt_lib_shutdown_return                 0x080001fb   Thumb Code     0  libshutdown2.o(.ARM.Collect$$libshutdown$$00000010)
    __rt_lib_shutdown_signal_1               0x080001fb   Thumb Code     0  libshutdown2.o(.ARM.Collect$$libshutdown$$0000000A)
    __rt_lib_shutdown_stdio_1                0x080001fb   Thumb Code     0  libshutdown2.o(.ARM.Collect$$libshutdown$$00000004)
    __rt_lib_shutdown_user_alloc_1           0x080001fb   Thumb Code     0  libshutdown2.o(.ARM.Collect$$libshutdown$$0000000C)
    __rt_entry                               0x080001fd   Thumb Code     0  __rtentry.o(.ARM.Collect$$rtentry$$00000000)
    __rt_entry_presh_1                       0x080001fd   Thumb Code     0  __rtentry2.o(.ARM.Collect$$rtentry$$00000002)
    __rt_entry_sh                            0x080001fd   Thumb Code     0  __rtentry4.o(.ARM.Collect$$rtentry$$00000004)
    __rt_entry_li                            0x08000203   Thumb Code     0  __rtentry2.o(.ARM.Collect$$rtentry$$0000000A)
    __rt_entry_postsh_1                      0x08000203   Thumb Code     0  __rtentry2.o(.ARM.Collect$$rtentry$$00000009)
    __rt_entry_main                          0x08000207   Thumb Code     0  __rtentry2.o(.ARM.Collect$$rtentry$$0000000D)
    __rt_entry_postli_1                      0x08000207   Thumb Code     0  __rtentry2.o(.ARM.Collect$$rtentry$$0000000C)
    __rt_exit                                0x0800020f   Thumb Code     0  rtexit.o(.ARM.Collect$$rtexit$$00000000)
    __rt_exit_ls                             0x08000211   Thumb Code     0  rtexit2.o(.ARM.Collect$$rtexit$$00000003)
    __rt_exit_prels_1                        0x08000211   Thumb Code     0  rtexit2.o(.ARM.Collect$$rtexit$$00000002)
    __rt_exit_exit                           0x08000215   Thumb Code     0  rtexit2.o(.ARM.Collect$$rtexit$$00000004)
    Reset_Handler                            0x0800021d   Thumb Code     8  startup_stm32f10x_hd.o(.text)
    ADC1_2_IRQHandler                        0x08000237   Thumb Code     0  startup_stm32f10x_hd.o(.text)
    ADC3_IRQHandler                          0x08000237   Thumb Code     0  startup_stm32f10x_hd.o(.text)
    CAN1_RX1_IRQHandler                      0x08000237   Thumb Code     0  startup_stm32f10x_hd.o(.text)
    CAN1_SCE_IRQHandler                      0x08000237   Thumb Code     0  startup_stm32f10x_hd.o(.text)
    DMA1_Channel1_IRQHandler                 0x08000237   Thumb Code     0  startup_stm32f10x_hd.o(.text)
    DMA1_Channel2_IRQHandler                 0x08000237   Thumb Code     0  startup_stm32f10x_hd.o(.text)
    DMA1_Channel3_IRQHandler                 0x08000237   Thumb Code     0  startup_stm32f10x_hd.o(.text)
    DMA1_Channel4_IRQHandler                 0x08000237   Thumb Code     0  startup_stm32f10x_hd.o(.text)
    DMA1_Channel5_IRQHandler                 0x08000237   Thumb Code     0  startup_stm32f10x_hd.o(.text)
    DMA1_Channel6_IRQHandler                 0x08000237   Thumb Code     0  startup_stm32f10x_hd.o(.text)
    DMA1_Channel7_IRQHandler                 0x08000237   Thumb Code     0  startup_stm32f10x_hd.o(.text)
    DMA2_Channel1_IRQHandler                 0x08000237   Thumb Code     0  startup_stm32f10x_hd.o(.text)
    DMA2_Channel2_IRQHandler                 0x08000237   Thumb Code     0  startup_stm32f10x_hd.o(.text)
    DMA2_Channel3_IRQHandler                 0x08000237   Thumb Code     0  startup_stm32f10x_hd.o(.text)
    DMA2_Channel4_5_IRQHandler               0x08000237   Thumb Code     0  startup_stm32f10x_hd.o(.text)
    EXTI0_IRQHandler                         0x08000237   Thumb Code     0  startup_stm32f10x_hd.o(.text)
    EXTI15_10_IRQHandler                     0x08000237   Thumb Code     0  startup_stm32f10x_hd.o(.text)
    EXTI1_IRQHandler                         0x08000237   Thumb Code     0  startup_stm32f10x_hd.o(.text)
    EXTI2_IRQHandler                         0x08000237   Thumb Code     0  startup_stm32f10x_hd.o(.text)
    EXTI3_IRQHandler                         0x08000237   Thumb Code     0  startup_stm32f10x_hd.o(.text)
    EXTI4_IRQHandler                         0x08000237   Thumb Code     0  startup_stm32f10x_hd.o(.text)
    EXTI9_5_IRQHandler                       0x08000237   Thumb Code     0  startup_stm32f10x_hd.o(.text)
    FLASH_IRQHandler                         0x08000237   Thumb Code     0  startup_stm32f10x_hd.o(.text)
    FSMC_IRQHandler                          0x08000237   Thumb Code     0  startup_stm32f10x_hd.o(.text)
    I2C1_ER_IRQHandler                       0x08000237   Thumb Code     0  startup_stm32f10x_hd.o(.text)
    I2C1_EV_IRQHandler                       0x08000237   Thumb Code     0  startup_stm32f10x_hd.o(.text)
    I2C2_ER_IRQHandler                       0x08000237   Thumb Code     0  startup_stm32f10x_hd.o(.text)
    I2C2_EV_IRQHandler                       0x08000237   Thumb Code     0  startup_stm32f10x_hd.o(.text)
    PVD_IRQHandler                           0x08000237   Thumb Code     0  startup_stm32f10x_hd.o(.text)
    RCC_IRQHandler                           0x08000237   Thumb Code     0  startup_stm32f10x_hd.o(.text)
    RTCAlarm_IRQHandler                      0x08000237   Thumb Code     0  startup_stm32f10x_hd.o(.text)
    RTC_IRQHandler                           0x08000237   Thumb Code     0  startup_stm32f10x_hd.o(.text)
    SDIO_IRQHandler                          0x08000237   Thumb Code     0  startup_stm32f10x_hd.o(.text)
    SPI1_IRQHandler                          0x08000237   Thumb Code     0  startup_stm32f10x_hd.o(.text)
    SPI2_IRQHandler                          0x08000237   Thumb Code     0  startup_stm32f10x_hd.o(.text)
    SPI3_IRQHandler                          0x08000237   Thumb Code     0  startup_stm32f10x_hd.o(.text)
    TAMPER_IRQHandler                        0x08000237   Thumb Code     0  startup_stm32f10x_hd.o(.text)
    TIM1_BRK_IRQHandler                      0x08000237   Thumb Code     0  startup_stm32f10x_hd.o(.text)
    TIM1_CC_IRQHandler                       0x08000237   Thumb Code     0  startup_stm32f10x_hd.o(.text)
    TIM1_TRG_COM_IRQHandler                  0x08000237   Thumb Code     0  startup_stm32f10x_hd.o(.text)
    TIM1_UP_IRQHandler                       0x08000237   Thumb Code     0  startup_stm32f10x_hd.o(.text)
    TIM2_IRQHandler                          0x08000237   Thumb Code     0  startup_stm32f10x_hd.o(.text)
    TIM5_IRQHandler                          0x08000237   Thumb Code     0  startup_stm32f10x_hd.o(.text)
    TIM6_IRQHandler                          0x08000237   Thumb Code     0  startup_stm32f10x_hd.o(.text)
    TIM7_IRQHandler                          0x08000237   Thumb Code     0  startup_stm32f10x_hd.o(.text)
    TIM8_BRK_IRQHandler                      0x08000237   Thumb Code     0  startup_stm32f10x_hd.o(.text)
    TIM8_CC_IRQHandler                       0x08000237   Thumb Code     0  startup_stm32f10x_hd.o(.text)
    TIM8_TRG_COM_IRQHandler                  0x08000237   Thumb Code     0  startup_stm32f10x_hd.o(.text)
    TIM8_UP_IRQHandler                       0x08000237   Thumb Code     0  startup_stm32f10x_hd.o(.text)
    UART4_IRQHandler                         0x08000237   Thumb Code     0  startup_stm32f10x_hd.o(.text)
    UART5_IRQHandler                         0x08000237   Thumb Code     0  startup_stm32f10x_hd.o(.text)
    USART1_IRQHandler                        0x08000237   Thumb Code     0  startup_stm32f10x_hd.o(.text)
    USART2_IRQHandler                        0x08000237   Thumb Code     0  startup_stm32f10x_hd.o(.text)
    USBWakeUp_IRQHandler                     0x08000237   Thumb Code     0  startup_stm32f10x_hd.o(.text)
    USB_HP_CAN1_TX_IRQHandler                0x08000237   Thumb Code     0  startup_stm32f10x_hd.o(.text)
    USB_LP_CAN1_RX0_IRQHandler               0x08000237   Thumb Code     0  startup_stm32f10x_hd.o(.text)
    WWDG_IRQHandler                          0x08000237   Thumb Code     0  startup_stm32f10x_hd.o(.text)
    __user_initial_stackheap                 0x08000239   Thumb Code     0  startup_stm32f10x_hd.o(.text)
    __2sprintf                               0x0800025d   Thumb Code    34  noretval__2sprintf.o(.text)
    _printf_pre_padding                      0x08000285   Thumb Code    44  _printf_pad.o(.text)
    _printf_post_padding                     0x080002b1   Thumb Code    34  _printf_pad.o(.text)
    _printf_int_dec                          0x080002d5   Thumb Code   104  _printf_dec.o(.text)
    _printf_int_hex                          0x0800034d   Thumb Code    84  _printf_hex_int.o(.text)
    _printf_longlong_hex                     0x0800034d   Thumb Code     0  _printf_hex_int.o(.text)
    __printf                                 0x080003a5   Thumb Code   308  __printf_flags_wp.o(.text)
    __aeabi_memcpy4                          0x080004dd   Thumb Code     0  rt_memcpy_w.o(.text)
    __aeabi_memcpy8                          0x080004dd   Thumb Code     0  rt_memcpy_w.o(.text)
    __rt_memcpy_w                            0x080004dd   Thumb Code   100  rt_memcpy_w.o(.text)
    _memcpy_lastbytes_aligned                0x08000525   Thumb Code     0  rt_memcpy_w.o(.text)
    __use_two_region_memory                  0x08000541   Thumb Code     2  heapauxi.o(.text)
    __rt_heap_escrow$2region                 0x08000543   Thumb Code     2  heapauxi.o(.text)
    __rt_heap_expand$2region                 0x08000545   Thumb Code     2  heapauxi.o(.text)
    _printf_int_common                       0x08000547   Thumb Code   178  _printf_intcommon.o(.text)
    _printf_char_common                      0x08000603   Thumb Code    32  _printf_char_common.o(.text)
    _sputc                                   0x08000629   Thumb Code    10  _sputc.o(.text)
    __user_setup_stackheap                   0x08000633   Thumb Code    74  sys_stackheap_outer.o(.text)
    exit                                     0x0800067d   Thumb Code    18  exit.o(.text)
    __user_libspace                          0x08000691   Thumb Code     8  libspace.o(.text)
    __user_perproc_libspace                  0x08000691   Thumb Code     0  libspace.o(.text)
    __user_perthread_libspace                0x08000691   Thumb Code     0  libspace.o(.text)
    _sys_exit                                0x08000699   Thumb Code     8  sys_exit.o(.text)
    __I$use$semihosting                      0x080006a5   Thumb Code     0  use_no_semi.o(.text)
    __use_no_semihosting_swi                 0x080006a5   Thumb Code     2  use_no_semi.o(.text)
    __semihosting_library_function           0x080006a7   Thumb Code     0  indicate_semi.o(.text)
    AS608_PS_DeleteChar                      0x080006a9   Thumb Code   152  as608.o(i.AS608_PS_DeleteChar)
    AS608_PS_GenChar                         0x08000759   Thumb Code   120  as608.o(i.AS608_PS_GenChar)
    AS608_PS_GetImage                        0x080007e9   Thumb Code    90  as608.o(i.AS608_PS_GetImage)
    AS608_PS_RegModel                        0x08000859   Thumb Code    90  as608.o(i.AS608_PS_RegModel)
    AS608_PS_Search                          0x080008c9   Thumb Code   244  as608.o(i.AS608_PS_Search)
    AS608_PS_StoreChar                       0x080009d9   Thumb Code   152  as608.o(i.AS608_PS_StoreChar)
    AS608_clearRecvBuff                      0x08000a89   Thumb Code    30  as608.o(i.AS608_clearRecvBuff)
    AS608_init                               0x08000ab1   Thumb Code   216  as608.o(i.AS608_init)
    AS608_isFingerAvailable                  0x08000b95   Thumb Code    44  as608.o(i.AS608_isFingerAvailable)
    AS608_sendData                           0x08000bc5   Thumb Code    44  as608.o(i.AS608_sendData)
    Beep_init                                0x08000bf5   Thumb Code   138  beep.o(i.Beep_init)
    Beep_setEnable                           0x08000c8d   Thumb Code    66  beep.o(i.Beep_setEnable)
    Beep_setFrequency                        0x08000cdd   Thumb Code    70  beep.o(i.Beep_setFrequency)
    BusFault_Handler                         0x08000d2d   Thumb Code     4  stm32f10x_it.o(i.BusFault_Handler)
    DebugMon_Handler                         0x08000d31   Thumb Code     2  stm32f10x_it.o(i.DebugMon_Handler)
    GPIO_Init                                0x08000d33   Thumb Code   278  stm32f10x_gpio.o(i.GPIO_Init)
    GPIO_ReadInputDataBit                    0x08000e49   Thumb Code    18  stm32f10x_gpio.o(i.GPIO_ReadInputDataBit)
    GPIO_WriteBit                            0x08000e5b   Thumb Code    10  stm32f10x_gpio.o(i.GPIO_WriteBit)
    HardFault_Handler                        0x08000e65   Thumb Code     4  stm32f10x_it.o(i.HardFault_Handler)
    Keyboard_init                            0x08000e69   Thumb Code   112  keyboard.o(i.Keyboard_init)
    Keyboard_readColumn                      0x08000ee5   Thumb Code    58  keyboard.o(i.Keyboard_readColumn)
    Keyboard_scan                            0x08000f25   Thumb Code   544  keyboard.o(i.Keyboard_scan)
    Keyboard_setRow                          0x08001145   Thumb Code    92  keyboard.o(i.Keyboard_setRow)
    Led_init                                 0x080011a9   Thumb Code   130  led.o(i.Led_init)
    Led_pinCtrl                              0x08001235   Thumb Code    74  led.o(i.Led_pinCtrl)
    Led_setBlink                             0x08001285   Thumb Code    78  led.o(i.Led_setBlink)
    Led_setColor                             0x080012ed   Thumb Code   134  led.o(i.Led_setColor)
    Lock_getDoorStatus                       0x08001379   Thumb Code    20  lock.o(i.Lock_getDoorStatus)
    Lock_init                                0x08001391   Thumb Code    70  lock.o(i.Lock_init)
    Lock_setLock                             0x080013dd   Thumb Code    28  lock.o(i.Lock_setLock)
    MemManage_Handler                        0x080013fd   Thumb Code     4  stm32f10x_it.o(i.MemManage_Handler)
    NMI_Handler                              0x08001401   Thumb Code     2  stm32f10x_it.o(i.NMI_Handler)
    NVIC_Init                                0x08001405   Thumb Code   100  misc.o(i.NVIC_Init)
    OLED096_SPIWriteReadByte                 0x08001475   Thumb Code    78  oled096.o(i.OLED096_SPIWriteReadByte)
    OLED096_clearScreen                      0x080014c9   Thumb Code    64  oled096.o(i.OLED096_clearScreen)
    OLED096_hwInit                           0x08001509   Thumb Code   204  oled096.o(i.OLED096_hwInit)
    OLED096_init                             0x080015e1   Thumb Code    16  oled096.o(i.OLED096_init)
    OLED096_pinCtrl                          0x080015f1   Thumb Code    58  oled096.o(i.OLED096_pinCtrl)
    OLED096_reset                            0x08001635   Thumb Code   290  oled096.o(i.OLED096_reset)
    OLED096_writeByte                        0x08001757   Thumb Code    54  oled096.o(i.OLED096_writeByte)
    OLED096_writeLine                        0x0800178d   Thumb Code   344  oled096.o(i.OLED096_writeLine)
    PendSV_Handler                           0x080018e9   Thumb Code     2  stm32f10x_it.o(i.PendSV_Handler)
    RC522_M500PcdConfigISOType               0x080018eb   Thumb Code    84  rc522.o(i.RC522_M500PcdConfigISOType)
    RC522_SPIWriteReadByte                   0x08001941   Thumb Code    78  rc522.o(i.RC522_SPIWriteReadByte)
    RC522_clearBitMask                       0x08001995   Thumb Code    26  rc522.o(i.RC522_clearBitMask)
    RC522_hwInit                             0x080019b1   Thumb Code   212  rc522.o(i.RC522_hwInit)
    RC522_init                               0x08001a91   Thumb Code    16  rc522.o(i.RC522_init)
    RC522_pcdAntennaOn                       0x08001aa1   Thumb Code    26  rc522.o(i.RC522_pcdAntennaOn)
    RC522_pcdAnticoll                        0x08001abb   Thumb Code   114  rc522.o(i.RC522_pcdAnticoll)
    RC522_pcdComMF522                        0x08001b2d   Thumb Code   306  rc522.o(i.RC522_pcdComMF522)
    RC522_pcdRequest                         0x08001c5f   Thumb Code    86  rc522.o(i.RC522_pcdRequest)
    RC522_pcdReset                           0x08001cb5   Thumb Code   138  rc522.o(i.RC522_pcdReset)
    RC522_pinCtrl                            0x08001d41   Thumb Code    42  rc522.o(i.RC522_pinCtrl)
    RC522_readRawRC                          0x08001d75   Thumb Code    48  rc522.o(i.RC522_readRawRC)
    RC522_setBitMask                         0x08001da5   Thumb Code    26  rc522.o(i.RC522_setBitMask)
    RC522_writeRawRC                         0x08001dbf   Thumb Code    42  rc522.o(i.RC522_writeRawRC)
    RCC_APB1PeriphClockCmd                   0x08001de9   Thumb Code    26  stm32f10x_rcc.o(i.RCC_APB1PeriphClockCmd)
    RCC_APB2PeriphClockCmd                   0x08001e09   Thumb Code    26  stm32f10x_rcc.o(i.RCC_APB2PeriphClockCmd)
    RCC_GetClocksFreq                        0x08001e29   Thumb Code   192  stm32f10x_rcc.o(i.RCC_GetClocksFreq)
    SPI_Cmd                                  0x08001efd   Thumb Code    24  stm32f10x_spi.o(i.SPI_Cmd)
    SPI_I2S_GetFlagStatus                    0x08001f15   Thumb Code    18  stm32f10x_spi.o(i.SPI_I2S_GetFlagStatus)
    SPI_I2S_ReceiveData                      0x08001f27   Thumb Code     6  stm32f10x_spi.o(i.SPI_I2S_ReceiveData)
    SPI_I2S_SendData                         0x08001f2d   Thumb Code     4  stm32f10x_spi.o(i.SPI_I2S_SendData)
    SPI_Init                                 0x08001f31   Thumb Code    60  stm32f10x_spi.o(i.SPI_Init)
    SVC_Handler                              0x08001f6d   Thumb Code     2  stm32f10x_it.o(i.SVC_Handler)
    SysTick_Handler                          0x08002059   Thumb Code     2  stm32f10x_it.o(i.SysTick_Handler)
    SystemInit                               0x0800205d   Thumb Code    78  system_stm32f10x.o(i.SystemInit)
    TIM3_IRQHandler                          0x080020bd   Thumb Code    70  beep.o(i.TIM3_IRQHandler)
    TIM4_IRQHandler                          0x08002111   Thumb Code   114  led.o(i.TIM4_IRQHandler)
    TIM_ClearITPendingBit                    0x0800219d   Thumb Code     6  stm32f10x_tim.o(i.TIM_ClearITPendingBit)
    TIM_Cmd                                  0x080021a3   Thumb Code    24  stm32f10x_tim.o(i.TIM_Cmd)
    TIM_GetCounter                           0x080021bb   Thumb Code     6  stm32f10x_tim.o(i.TIM_GetCounter)
    TIM_GetITStatus                          0x080021c1   Thumb Code    34  stm32f10x_tim.o(i.TIM_GetITStatus)
    TIM_ITConfig                             0x080021e3   Thumb Code    18  stm32f10x_tim.o(i.TIM_ITConfig)
    TIM_SetCounter                           0x080021f5   Thumb Code     4  stm32f10x_tim.o(i.TIM_SetCounter)
    TIM_TimeBaseInit                         0x080021f9   Thumb Code   122  stm32f10x_tim.o(i.TIM_TimeBaseInit)
    USART3_IRQHandler                        0x0800229d   Thumb Code    48  as608.o(i.USART3_IRQHandler)
    USART_Cmd                                0x080022d9   Thumb Code    24  stm32f10x_usart.o(i.USART_Cmd)
    USART_GetFlagStatus                      0x080022f1   Thumb Code    26  stm32f10x_usart.o(i.USART_GetFlagStatus)
    USART_GetITStatus                        0x0800230b   Thumb Code    84  stm32f10x_usart.o(i.USART_GetITStatus)
    USART_ITConfig                           0x0800235f   Thumb Code    74  stm32f10x_usart.o(i.USART_ITConfig)
    USART_Init                               0x080023a9   Thumb Code   210  stm32f10x_usart.o(i.USART_Init)
    USART_ReceiveData                        0x08002481   Thumb Code    10  stm32f10x_usart.o(i.USART_ReceiveData)
    USART_SendData                           0x0800248b   Thumb Code     8  stm32f10x_usart.o(i.USART_SendData)
    UsageFault_Handler                       0x08002493   Thumb Code     4  stm32f10x_it.o(i.UsageFault_Handler)
    W25QXX_SPIWriteReadByte                  0x08002499   Thumb Code    78  w25qxx.o(i.W25QXX_SPIWriteReadByte)
    W25QXX_eraseSector                       0x080024ed   Thumb Code    64  w25qxx.o(i.W25QXX_eraseSector)
    W25QXX_init                              0x0800252d   Thumb Code   188  w25qxx.o(i.W25QXX_init)
    W25QXX_pinCtrl                           0x080025f1   Thumb Code    28  w25qxx.o(i.W25QXX_pinCtrl)
    W25QXX_read                              0x08002611   Thumb Code    78  w25qxx.o(i.W25QXX_read)
    W25QXX_readSR                            0x0800265f   Thumb Code    38  w25qxx.o(i.W25QXX_readSR)
    W25QXX_waitBusy                          0x08002685   Thumb Code    18  w25qxx.o(i.W25QXX_waitBusy)
    W25QXX_write                             0x08002699   Thumb Code   180  w25qxx.o(i.W25QXX_write)
    W25QXX_writeEnable                       0x08002751   Thumb Code    26  w25qxx.o(i.W25QXX_writeEnable)
    W25QXX_writePage                         0x0800276b   Thumb Code    84  w25qxx.o(i.W25QXX_writePage)
    W25QXX_write_NoCheck                     0x080027bf   Thumb Code    70  w25qxx.o(i.W25QXX_write_NoCheck)
    _is_digit                                0x08002805   Thumb Code    14  __printf_wp.o(i._is_digit)
    countAdminAccount                        0x08002813   Thumb Code    62  main.o(i.countAdminAccount)
    delay_init                               0x08002851   Thumb Code    60  bsp_utils.o(i.delay_init)
    delay_ms                                 0x08002891   Thumb Code    70  bsp_utils.o(i.delay_ms)
    delay_us                                 0x080028d7   Thumb Code    54  bsp_utils.o(i.delay_us)
    displayWindow                            0x0800290d   Thumb Code  3238  main.o(i.displayWindow)
    main                                     0x08003651   Thumb Code  6858  main.o(i.main)
    playSound                                0x08005129   Thumb Code   406  main.o(i.playSound)
    readFlashCard                            0x080052bf   Thumb Code   106  main.o(i.readFlashCard)
    readFlashFingerprint                     0x08005329   Thumb Code    88  main.o(i.readFlashFingerprint)
    readFlashPassword                        0x08005381   Thumb Code    98  main.o(i.readFlashPassword)
    readNoticeDelay                          0x080053e3   Thumb Code    48  main.o(i.readNoticeDelay)
    recordFingerprintOp                      0x08005415   Thumb Code   406  main.o(i.recordFingerprintOp)
    registerCardOp                           0x0800563d   Thumb Code   278  main.o(i.registerCardOp)
    removeAllAccounts                        0x080057ad   Thumb Code    44  main.o(i.removeAllAccounts)
    removeCard                               0x080057d9   Thumb Code    58  main.o(i.removeCard)
    removeFingerprint                        0x08005813   Thumb Code    74  main.o(i.removeFingerprint)
    removePassword                           0x0800585d   Thumb Code    50  main.o(i.removePassword)
    sDebug_init                              0x08005891   Thumb Code   136  serialdebug.o(i.sDebug_init)
    saveNoticeDelay                          0x08005921   Thumb Code    40  main.o(i.saveNoticeDelay)
    searchCard                               0x08005949   Thumb Code   234  main.o(i.searchCard)
    searchPassword                           0x08005a33   Thumb Code   230  main.o(i.searchPassword)
    setLedAction                             0x08005b19   Thumb Code    70  main.o(i.setLedAction)
    setPassword                              0x08005b61   Thumb Code    78  main.o(i.setPassword)
    __aeabi_ddiv                             0x08005bb9   Thumb Code     0  ddiv.o(x$fpl$ddiv)
    _ddiv                                    0x08005bb9   Thumb Code   552  ddiv.o(x$fpl$ddiv)
    __aeabi_d2uiz                            0x08005e69   Thumb Code     0  dfixu.o(x$fpl$dfixu)
    _dfixu                                   0x08005e69   Thumb Code    90  dfixu.o(x$fpl$dfixu)
    __aeabi_ui2d                             0x08005ec3   Thumb Code     0  dflt_clz.o(x$fpl$dfltu)
    _dfltu                                   0x08005ec3   Thumb Code    38  dflt_clz.o(x$fpl$dfltu)
    __fpl_dnaninf                            0x08005ee9   Thumb Code   156  dnaninf.o(x$fpl$dnaninf)
    __fpl_dretinf                            0x08005f85   Thumb Code    12  dretinf.o(x$fpl$dretinf)
    __I$use$fp                               0x08005f90   Number         0  usenofp.o(x$fpl$usenofp)
    Region$$Table$$Base                      0x08005fcc   Number         0  anon$$obj.o(Region$$Table)
    Region$$Table$$Limit                     0x08005fec   Number         0  anon$$obj.o(Region$$Table)
    aboutPageLine                            0x20000014   Data           1  main.o(.data)
    aboutPageLineNum                         0x20000015   Data           1  main.o(.data)
    aboutText                                0x20000016   Data         119  main.o(.data)
    otherSettingsLine                        0x2000008d   Data           1  main.o(.data)
    otherSettingsLineNum                     0x2000008e   Data           1  main.o(.data)
    otherSettingsText                        0x2000008f   Data          68  main.o(.data)
    passwdContainerLength                    0x200000d3   Data           1  main.o(.data)
    inputContainer                           0x200000d4   Data           2  main.o(.data)
    inputContainerLength                     0x200000d6   Data           1  main.o(.data)
    hiddenMode_w50                           0x200000d7   Data           1  main.o(.data)
    noticeOn                                 0x200000d8   Data           1  main.o(.data)
    noticeDelay                              0x200000d9   Data           1  main.o(.data)
    noticeDelayMin                           0x200000da   Data           1  main.o(.data)
    noticeDelayMax                           0x200000db   Data           1  main.o(.data)
    cursor_backup                            0x200000dc   Data           1  main.o(.data)
    cursor                                   0x200000dd   Data           1  main.o(.data)
    cursorArray                              0x200000de   Data          20  main.o(.data)
    window                                   0x200000f2   Data           1  main.o(.data)
    flag_choosedUserType                     0x200000f3   Data           1  main.o(.data)
    flag_listBegin                           0x200000f4   Data           1  main.o(.data)
    ascii8x16                                0x200000f5   Data        1520  oled096.o(.data)
    delay_initialized                        0x200006e5   Data           1  bsp_utils.o(.data)
    Led_usingColor                           0x200006e6   Data           1  led.o(.data)
    Led_timeCount                            0x200006e8   Data           2  led.o(.data)
    Led_lightTimeSet                         0x200006ea   Data           2  led.o(.data)
    Led_restTimeSet                          0x200006ec   Data           2  led.o(.data)
    Led_isOff                                0x200006ee   Data           1  led.o(.data)
    Beep_pinPotential                        0x200006ef   Data           1  beep.o(.data)
    AS608_recvBuffPtr                        0x200006f0   Data           1  as608.o(.data)
    str                                      0x200006f4   Data         128  main.o(.bss)
    passwdContainer                          0x20000774   Data          10  main.o(.bss)
    W25QXX_BUFFER                            0x2000077e   Data        4096  w25qxx.o(.bss)
    AS608_recvBuff                           0x2000177e   Data         255  as608.o(.bss)
    __libspace_start                         0x20001880   Data          96  libspace.o(.bss)
    __temporary_stack_top$libspace           0x200018e0   Data           0  libspace.o(.bss)



==============================================================================

Memory Map of the image

  Image Entry point : 0x08000131

  Load Region LR_IROM1 (Base: 0x08000000, Size: 0x000066e0, Max: 0x00080000, ABSOLUTE, COMPRESSED[0x00006400])

    Execution Region ER_IROM1 (Exec base: 0x08000000, Load base: 0x08000000, Size: 0x00005fec, Max: 0x00080000, ABSOLUTE)

    Exec Addr    Load Addr    Size         Type   Attr      Idx    E Section Name        Object

    0x08000000   0x08000000   0x00000130   Data   RO          132    RESET               startup_stm32f10x_hd.o
    0x08000130   0x08000130   0x00000008   Code   RO         4003  * !!!main             c_w.l(__main.o)
    0x08000138   0x08000138   0x00000034   Code   RO         4190    !!!scatter          c_w.l(__scatter.o)
    0x0800016c   0x0800016c   0x0000005a   Code   RO         4188    !!dczerorl2         c_w.l(__dczerorl2.o)
    0x080001c6   0x080001c6   0x00000002   PAD
    0x080001c8   0x080001c8   0x0000001c   Code   RO         4192    !!handler_zi        c_w.l(__scatter_zi.o)
    0x080001e4   0x080001e4   0x00000000   Code   RO         3998    .ARM.Collect$$_printf_percent$$00000000  c_w.l(_printf_percent.o)
    0x080001e4   0x080001e4   0x00000006   Code   RO         3997    .ARM.Collect$$_printf_percent$$0000000A  c_w.l(_printf_u.o)
    0x080001ea   0x080001ea   0x00000006   Code   RO         3996    .ARM.Collect$$_printf_percent$$0000000C  c_w.l(_printf_x.o)
    0x080001f0   0x080001f0   0x00000004   Code   RO         4026    .ARM.Collect$$_printf_percent$$00000017  c_w.l(_printf_percent_end.o)
    0x080001f4   0x080001f4   0x00000002   Code   RO         4058    .ARM.Collect$$libinit$$00000000  c_w.l(libinit.o)
    0x080001f6   0x080001f6   0x00000000   Code   RO         4065    .ARM.Collect$$libinit$$00000002  c_w.l(libinit2.o)
    0x080001f6   0x080001f6   0x00000000   Code   RO         4067    .ARM.Collect$$libinit$$00000004  c_w.l(libinit2.o)
    0x080001f6   0x080001f6   0x00000000   Code   RO         4070    .ARM.Collect$$libinit$$0000000A  c_w.l(libinit2.o)
    0x080001f6   0x080001f6   0x00000000   Code   RO         4072    .ARM.Collect$$libinit$$0000000C  c_w.l(libinit2.o)
    0x080001f6   0x080001f6   0x00000000   Code   RO         4074    .ARM.Collect$$libinit$$0000000E  c_w.l(libinit2.o)
    0x080001f6   0x080001f6   0x00000000   Code   RO         4077    .ARM.Collect$$libinit$$00000011  c_w.l(libinit2.o)
    0x080001f6   0x080001f6   0x00000000   Code   RO         4079    .ARM.Collect$$libinit$$00000013  c_w.l(libinit2.o)
    0x080001f6   0x080001f6   0x00000000   Code   RO         4081    .ARM.Collect$$libinit$$00000015  c_w.l(libinit2.o)
    0x080001f6   0x080001f6   0x00000000   Code   RO         4083    .ARM.Collect$$libinit$$00000017  c_w.l(libinit2.o)
    0x080001f6   0x080001f6   0x00000000   Code   RO         4085    .ARM.Collect$$libinit$$00000019  c_w.l(libinit2.o)
    0x080001f6   0x080001f6   0x00000000   Code   RO         4087    .ARM.Collect$$libinit$$0000001B  c_w.l(libinit2.o)
    0x080001f6   0x080001f6   0x00000000   Code   RO         4089    .ARM.Collect$$libinit$$0000001D  c_w.l(libinit2.o)
    0x080001f6   0x080001f6   0x00000000   Code   RO         4091    .ARM.Collect$$libinit$$0000001F  c_w.l(libinit2.o)
    0x080001f6   0x080001f6   0x00000000   Code   RO         4093    .ARM.Collect$$libinit$$00000021  c_w.l(libinit2.o)
    0x080001f6   0x080001f6   0x00000000   Code   RO         4095    .ARM.Collect$$libinit$$00000023  c_w.l(libinit2.o)
    0x080001f6   0x080001f6   0x00000000   Code   RO         4097    .ARM.Collect$$libinit$$00000025  c_w.l(libinit2.o)
    0x080001f6   0x080001f6   0x00000000   Code   RO         4101    .ARM.Collect$$libinit$$0000002C  c_w.l(libinit2.o)
    0x080001f6   0x080001f6   0x00000000   Code   RO         4103    .ARM.Collect$$libinit$$0000002E  c_w.l(libinit2.o)
    0x080001f6   0x080001f6   0x00000000   Code   RO         4105    .ARM.Collect$$libinit$$00000030  c_w.l(libinit2.o)
    0x080001f6   0x080001f6   0x00000000   Code   RO         4107    .ARM.Collect$$libinit$$00000032  c_w.l(libinit2.o)
    0x080001f6   0x080001f6   0x00000002   Code   RO         4108    .ARM.Collect$$libinit$$00000033  c_w.l(libinit2.o)
    0x080001f8   0x080001f8   0x00000002   Code   RO         4128    .ARM.Collect$$libshutdown$$00000000  c_w.l(libshutdown.o)
    0x080001fa   0x080001fa   0x00000000   Code   RO         4141    .ARM.Collect$$libshutdown$$00000002  c_w.l(libshutdown2.o)
    0x080001fa   0x080001fa   0x00000000   Code   RO         4143    .ARM.Collect$$libshutdown$$00000004  c_w.l(libshutdown2.o)
    0x080001fa   0x080001fa   0x00000000   Code   RO         4146    .ARM.Collect$$libshutdown$$00000007  c_w.l(libshutdown2.o)
    0x080001fa   0x080001fa   0x00000000   Code   RO         4149    .ARM.Collect$$libshutdown$$0000000A  c_w.l(libshutdown2.o)
    0x080001fa   0x080001fa   0x00000000   Code   RO         4151    .ARM.Collect$$libshutdown$$0000000C  c_w.l(libshutdown2.o)
    0x080001fa   0x080001fa   0x00000000   Code   RO         4154    .ARM.Collect$$libshutdown$$0000000F  c_w.l(libshutdown2.o)
    0x080001fa   0x080001fa   0x00000002   Code   RO         4155    .ARM.Collect$$libshutdown$$00000010  c_w.l(libshutdown2.o)
    0x080001fc   0x080001fc   0x00000000   Code   RO         4019    .ARM.Collect$$rtentry$$00000000  c_w.l(__rtentry.o)
    0x080001fc   0x080001fc   0x00000000   Code   RO         4033    .ARM.Collect$$rtentry$$00000002  c_w.l(__rtentry2.o)
    0x080001fc   0x080001fc   0x00000006   Code   RO         4045    .ARM.Collect$$rtentry$$00000004  c_w.l(__rtentry4.o)
    0x08000202   0x08000202   0x00000000   Code   RO         4035    .ARM.Collect$$rtentry$$00000009  c_w.l(__rtentry2.o)
    0x08000202   0x08000202   0x00000004   Code   RO         4036    .ARM.Collect$$rtentry$$0000000A  c_w.l(__rtentry2.o)
    0x08000206   0x08000206   0x00000000   Code   RO         4038    .ARM.Collect$$rtentry$$0000000C  c_w.l(__rtentry2.o)
    0x08000206   0x08000206   0x00000008   Code   RO         4039    .ARM.Collect$$rtentry$$0000000D  c_w.l(__rtentry2.o)
    0x0800020e   0x0800020e   0x00000002   Code   RO         4062    .ARM.Collect$$rtexit$$00000000  c_w.l(rtexit.o)
    0x08000210   0x08000210   0x00000000   Code   RO         4110    .ARM.Collect$$rtexit$$00000002  c_w.l(rtexit2.o)
    0x08000210   0x08000210   0x00000004   Code   RO         4111    .ARM.Collect$$rtexit$$00000003  c_w.l(rtexit2.o)
    0x08000214   0x08000214   0x00000006   Code   RO         4112    .ARM.Collect$$rtexit$$00000004  c_w.l(rtexit2.o)
    0x0800021a   0x0800021a   0x00000002   PAD
    0x0800021c   0x0800021c   0x00000040   Code   RO          133    .text               startup_stm32f10x_hd.o
    0x0800025c   0x0800025c   0x00000028   Code   RO         3947    .text               c_w.l(noretval__2sprintf.o)
    0x08000284   0x08000284   0x0000004e   Code   RO         3951    .text               c_w.l(_printf_pad.o)
    0x080002d2   0x080002d2   0x00000002   PAD
    0x080002d4   0x080002d4   0x00000078   Code   RO         3953    .text               c_w.l(_printf_dec.o)
    0x0800034c   0x0800034c   0x00000058   Code   RO         3958    .text               c_w.l(_printf_hex_int.o)
    0x080003a4   0x080003a4   0x00000138   Code   RO         3988    .text               c_w.l(__printf_flags_wp.o)
    0x080004dc   0x080004dc   0x00000064   Code   RO         3999    .text               c_w.l(rt_memcpy_w.o)
    0x08000540   0x08000540   0x00000006   Code   RO         4001    .text               c_w.l(heapauxi.o)
    0x08000546   0x08000546   0x000000b2   Code   RO         4020    .text               c_w.l(_printf_intcommon.o)
    0x080005f8   0x080005f8   0x00000030   Code   RO         4022    .text               c_w.l(_printf_char_common.o)
    0x08000628   0x08000628   0x0000000a   Code   RO         4024    .text               c_w.l(_sputc.o)
    0x08000632   0x08000632   0x0000004a   Code   RO         4049    .text               c_w.l(sys_stackheap_outer.o)
    0x0800067c   0x0800067c   0x00000012   Code   RO         4051    .text               c_w.l(exit.o)
    0x0800068e   0x0800068e   0x00000002   PAD
    0x08000690   0x08000690   0x00000008   Code   RO         4059    .text               c_w.l(libspace.o)
    0x08000698   0x08000698   0x0000000c   Code   RO         4120    .text               c_w.l(sys_exit.o)
    0x080006a4   0x080006a4   0x00000002   Code   RO         4131    .text               c_w.l(use_no_semi.o)
    0x080006a6   0x080006a6   0x00000000   Code   RO         4133    .text               c_w.l(indicate_semi.o)
    0x080006a6   0x080006a6   0x00000002   PAD
    0x080006a8   0x080006a8   0x000000b0   Code   RO         3810    i.AS608_PS_DeleteChar  as608.o
    0x08000758   0x08000758   0x00000090   Code   RO         3812    i.AS608_PS_GenChar  as608.o
    0x080007e8   0x080007e8   0x00000070   Code   RO         3813    i.AS608_PS_GetImage  as608.o
    0x08000858   0x08000858   0x00000070   Code   RO         3814    i.AS608_PS_RegModel  as608.o
    0x080008c8   0x080008c8   0x00000110   Code   RO         3815    i.AS608_PS_Search   as608.o
    0x080009d8   0x080009d8   0x000000b0   Code   RO         3816    i.AS608_PS_StoreChar  as608.o
    0x08000a88   0x08000a88   0x00000028   Code   RO         3817    i.AS608_clearRecvBuff  as608.o
    0x08000ab0   0x08000ab0   0x000000e4   Code   RO         3818    i.AS608_init        as608.o
    0x08000b94   0x08000b94   0x00000030   Code   RO         3819    i.AS608_isFingerAvailable  as608.o
    0x08000bc4   0x08000bc4   0x00000030   Code   RO         3820    i.AS608_sendData    as608.o
    0x08000bf4   0x08000bf4   0x00000098   Code   RO         3522    i.Beep_init         beep.o
    0x08000c8c   0x08000c8c   0x00000050   Code   RO         3523    i.Beep_setEnable    beep.o
    0x08000cdc   0x08000cdc   0x00000050   Code   RO         3524    i.Beep_setFrequency  beep.o
    0x08000d2c   0x08000d2c   0x00000004   Code   RO         3288    i.BusFault_Handler  stm32f10x_it.o
    0x08000d30   0x08000d30   0x00000002   Code   RO         3289    i.DebugMon_Handler  stm32f10x_it.o
    0x08000d32   0x08000d32   0x00000116   Code   RO         1311    i.GPIO_Init         stm32f10x_gpio.o
    0x08000e48   0x08000e48   0x00000012   Code   RO         1315    i.GPIO_ReadInputDataBit  stm32f10x_gpio.o
    0x08000e5a   0x08000e5a   0x0000000a   Code   RO         1322    i.GPIO_WriteBit     stm32f10x_gpio.o
    0x08000e64   0x08000e64   0x00000004   Code   RO         3290    i.HardFault_Handler  stm32f10x_it.o
    0x08000e68   0x08000e68   0x0000007c   Code   RO         3453    i.Keyboard_init     keyboard.o
    0x08000ee4   0x08000ee4   0x00000040   Code   RO         3454    i.Keyboard_readColumn  keyboard.o
    0x08000f24   0x08000f24   0x00000220   Code   RO         3455    i.Keyboard_scan     keyboard.o
    0x08001144   0x08001144   0x00000064   Code   RO         3456    i.Keyboard_setRow   keyboard.o
    0x080011a8   0x080011a8   0x0000008c   Code   RO         3483    i.Led_init          led.o
    0x08001234   0x08001234   0x00000050   Code   RO         3484    i.Led_pinCtrl       led.o
    0x08001284   0x08001284   0x00000068   Code   RO         3485    i.Led_setBlink      led.o
    0x080012ec   0x080012ec   0x0000008c   Code   RO         3486    i.Led_setColor      led.o
    0x08001378   0x08001378   0x00000018   Code   RO         3919    i.Lock_getDoorStatus  lock.o
    0x08001390   0x08001390   0x0000004c   Code   RO         3920    i.Lock_init         lock.o
    0x080013dc   0x080013dc   0x00000020   Code   RO         3921    i.Lock_setLock      lock.o
    0x080013fc   0x080013fc   0x00000004   Code   RO         3291    i.MemManage_Handler  stm32f10x_it.o
    0x08001400   0x08001400   0x00000002   Code   RO         3292    i.NMI_Handler       stm32f10x_it.o
    0x08001402   0x08001402   0x00000002   PAD
    0x08001404   0x08001404   0x00000070   Code   RO          137    i.NVIC_Init         misc.o
    0x08001474   0x08001474   0x00000054   Code   RO         3351    i.OLED096_SPIWriteReadByte  oled096.o
    0x080014c8   0x080014c8   0x00000040   Code   RO         3352    i.OLED096_clearScreen  oled096.o
    0x08001508   0x08001508   0x000000d8   Code   RO         3353    i.OLED096_hwInit    oled096.o
    0x080015e0   0x080015e0   0x00000010   Code   RO         3354    i.OLED096_init      oled096.o
    0x080015f0   0x080015f0   0x00000044   Code   RO         3355    i.OLED096_pinCtrl   oled096.o
    0x08001634   0x08001634   0x00000122   Code   RO         3357    i.OLED096_reset     oled096.o
    0x08001756   0x08001756   0x00000036   Code   RO         3359    i.OLED096_writeByte  oled096.o
    0x0800178c   0x0800178c   0x0000015c   Code   RO         3360    i.OLED096_writeLine  oled096.o
    0x080018e8   0x080018e8   0x00000002   Code   RO         3293    i.PendSV_Handler    stm32f10x_it.o
    0x080018ea   0x080018ea   0x00000054   Code   RO         3555    i.RC522_M500PcdConfigISOType  rc522.o
    0x0800193e   0x0800193e   0x00000002   PAD
    0x08001940   0x08001940   0x00000054   Code   RO         3556    i.RC522_SPIWriteReadByte  rc522.o
    0x08001994   0x08001994   0x0000001a   Code   RO         3558    i.RC522_clearBitMask  rc522.o
    0x080019ae   0x080019ae   0x00000002   PAD
    0x080019b0   0x080019b0   0x000000e0   Code   RO         3559    i.RC522_hwInit      rc522.o
    0x08001a90   0x08001a90   0x00000010   Code   RO         3560    i.RC522_init        rc522.o
    0x08001aa0   0x08001aa0   0x0000001a   Code   RO         3562    i.RC522_pcdAntennaOn  rc522.o
    0x08001aba   0x08001aba   0x00000072   Code   RO         3563    i.RC522_pcdAnticoll  rc522.o
    0x08001b2c   0x08001b2c   0x00000132   Code   RO         3565    i.RC522_pcdComMF522  rc522.o
    0x08001c5e   0x08001c5e   0x00000056   Code   RO         3568    i.RC522_pcdRequest  rc522.o
    0x08001cb4   0x08001cb4   0x0000008a   Code   RO         3569    i.RC522_pcdReset    rc522.o
    0x08001d3e   0x08001d3e   0x00000002   PAD
    0x08001d40   0x08001d40   0x00000034   Code   RO         3572    i.RC522_pinCtrl     rc522.o
    0x08001d74   0x08001d74   0x00000030   Code   RO         3573    i.RC522_readRawRC   rc522.o
    0x08001da4   0x08001da4   0x0000001a   Code   RO         3574    i.RC522_setBitMask  rc522.o
    0x08001dbe   0x08001dbe   0x0000002a   Code   RO         3575    i.RC522_writeRawRC  rc522.o
    0x08001de8   0x08001de8   0x00000020   Code   RO         1727    i.RCC_APB1PeriphClockCmd  stm32f10x_rcc.o
    0x08001e08   0x08001e08   0x00000020   Code   RO         1729    i.RCC_APB2PeriphClockCmd  stm32f10x_rcc.o
    0x08001e28   0x08001e28   0x000000d4   Code   RO         1737    i.RCC_GetClocksFreq  stm32f10x_rcc.o
    0x08001efc   0x08001efc   0x00000018   Code   RO         2206    i.SPI_Cmd           stm32f10x_spi.o
    0x08001f14   0x08001f14   0x00000012   Code   RO         2214    i.SPI_I2S_GetFlagStatus  stm32f10x_spi.o
    0x08001f26   0x08001f26   0x00000006   Code   RO         2217    i.SPI_I2S_ReceiveData  stm32f10x_spi.o
    0x08001f2c   0x08001f2c   0x00000004   Code   RO         2218    i.SPI_I2S_SendData  stm32f10x_spi.o
    0x08001f30   0x08001f30   0x0000003c   Code   RO         2219    i.SPI_Init          stm32f10x_spi.o
    0x08001f6c   0x08001f6c   0x00000002   Code   RO         3294    i.SVC_Handler       stm32f10x_it.o
    0x08001f6e   0x08001f6e   0x00000008   Code   RO           17    i.SetSysClock       system_stm32f10x.o
    0x08001f76   0x08001f76   0x00000002   PAD
    0x08001f78   0x08001f78   0x000000e0   Code   RO           18    i.SetSysClockTo72   system_stm32f10x.o
    0x08002058   0x08002058   0x00000002   Code   RO         3295    i.SysTick_Handler   stm32f10x_it.o
    0x0800205a   0x0800205a   0x00000002   PAD
    0x0800205c   0x0800205c   0x00000060   Code   RO           20    i.SystemInit        system_stm32f10x.o
    0x080020bc   0x080020bc   0x00000054   Code   RO         3525    i.TIM3_IRQHandler   beep.o
    0x08002110   0x08002110   0x0000008c   Code   RO         3487    i.TIM4_IRQHandler   led.o
    0x0800219c   0x0800219c   0x00000006   Code   RO         2356    i.TIM_ClearITPendingBit  stm32f10x_tim.o
    0x080021a2   0x080021a2   0x00000018   Code   RO         2361    i.TIM_Cmd           stm32f10x_tim.o
    0x080021ba   0x080021ba   0x00000006   Code   RO         2380    i.TIM_GetCounter    stm32f10x_tim.o
    0x080021c0   0x080021c0   0x00000022   Code   RO         2382    i.TIM_GetITStatus   stm32f10x_tim.o
    0x080021e2   0x080021e2   0x00000012   Code   RO         2386    i.TIM_ITConfig      stm32f10x_tim.o
    0x080021f4   0x080021f4   0x00000004   Code   RO         2426    i.TIM_SetCounter    stm32f10x_tim.o
    0x080021f8   0x080021f8   0x000000a4   Code   RO         2432    i.TIM_TimeBaseInit  stm32f10x_tim.o
    0x0800229c   0x0800229c   0x0000003c   Code   RO         3821    i.USART3_IRQHandler  as608.o
    0x080022d8   0x080022d8   0x00000018   Code   RO         2897    i.USART_Cmd         stm32f10x_usart.o
    0x080022f0   0x080022f0   0x0000001a   Code   RO         2900    i.USART_GetFlagStatus  stm32f10x_usart.o
    0x0800230a   0x0800230a   0x00000054   Code   RO         2901    i.USART_GetITStatus  stm32f10x_usart.o
    0x0800235e   0x0800235e   0x0000004a   Code   RO         2903    i.USART_ITConfig    stm32f10x_usart.o
    0x080023a8   0x080023a8   0x000000d8   Code   RO         2904    i.USART_Init        stm32f10x_usart.o
    0x08002480   0x08002480   0x0000000a   Code   RO         2911    i.USART_ReceiveData  stm32f10x_usart.o
    0x0800248a   0x0800248a   0x00000008   Code   RO         2914    i.USART_SendData    stm32f10x_usart.o
    0x08002492   0x08002492   0x00000004   Code   RO         3296    i.UsageFault_Handler  stm32f10x_it.o
    0x08002496   0x08002496   0x00000002   PAD
    0x08002498   0x08002498   0x00000054   Code   RO         3699    i.W25QXX_SPIWriteReadByte  w25qxx.o
    0x080024ec   0x080024ec   0x00000040   Code   RO         3701    i.W25QXX_eraseSector  w25qxx.o
    0x0800252c   0x0800252c   0x000000c4   Code   RO         3702    i.W25QXX_init       w25qxx.o
    0x080025f0   0x080025f0   0x00000020   Code   RO         3703    i.W25QXX_pinCtrl    w25qxx.o
    0x08002610   0x08002610   0x0000004e   Code   RO         3705    i.W25QXX_read       w25qxx.o
    0x0800265e   0x0800265e   0x00000026   Code   RO         3707    i.W25QXX_readSR     w25qxx.o
    0x08002684   0x08002684   0x00000012   Code   RO         3708    i.W25QXX_waitBusy   w25qxx.o
    0x08002696   0x08002696   0x00000002   PAD
    0x08002698   0x08002698   0x000000b8   Code   RO         3710    i.W25QXX_write      w25qxx.o
    0x08002750   0x08002750   0x0000001a   Code   RO         3712    i.W25QXX_writeEnable  w25qxx.o
    0x0800276a   0x0800276a   0x00000054   Code   RO         3713    i.W25QXX_writePage  w25qxx.o
    0x080027be   0x080027be   0x00000046   Code   RO         3715    i.W25QXX_write_NoCheck  w25qxx.o
    0x08002804   0x08002804   0x0000000e   Code   RO         3986    i._is_digit         c_w.l(__printf_wp.o)
    0x08002812   0x08002812   0x0000003e   Code   RO         3127    i.countAdminAccount  main.o
    0x08002850   0x08002850   0x00000040   Code   RO         3426    i.delay_init        bsp_utils.o
    0x08002890   0x08002890   0x00000046   Code   RO         3427    i.delay_ms          bsp_utils.o
    0x080028d6   0x080028d6   0x00000036   Code   RO         3428    i.delay_us          bsp_utils.o
    0x0800290c   0x0800290c   0x00000d44   Code   RO         3128    i.displayWindow     main.o
    0x08003650   0x08003650   0x00001ad8   Code   RO         3129    i.main              main.o
    0x08005128   0x08005128   0x00000196   Code   RO         3130    i.playSound         main.o
    0x080052be   0x080052be   0x0000006a   Code   RO         3131    i.readFlashCard     main.o
    0x08005328   0x08005328   0x00000058   Code   RO         3132    i.readFlashFingerprint  main.o
    0x08005380   0x08005380   0x00000062   Code   RO         3133    i.readFlashPassword  main.o
    0x080053e2   0x080053e2   0x00000030   Code   RO         3134    i.readNoticeDelay   main.o
    0x08005412   0x08005412   0x00000002   PAD
    0x08005414   0x08005414   0x00000228   Code   RO         3135    i.recordFingerprintOp  main.o
    0x0800563c   0x0800563c   0x00000170   Code   RO         3136    i.registerCardOp    main.o
    0x080057ac   0x080057ac   0x0000002c   Code   RO         3137    i.removeAllAccounts  main.o
    0x080057d8   0x080057d8   0x0000003a   Code   RO         3138    i.removeCard        main.o
    0x08005812   0x08005812   0x0000004a   Code   RO         3139    i.removeFingerprint  main.o
    0x0800585c   0x0800585c   0x00000032   Code   RO         3140    i.removePassword    main.o
    0x0800588e   0x0800588e   0x00000002   PAD
    0x08005890   0x08005890   0x00000090   Code   RO         3892    i.sDebug_init       serialdebug.o
    0x08005920   0x08005920   0x00000028   Code   RO         3141    i.saveNoticeDelay   main.o
    0x08005948   0x08005948   0x000000ea   Code   RO         3142    i.searchCard        main.o
    0x08005a32   0x08005a32   0x000000e6   Code   RO         3143    i.searchPassword    main.o
    0x08005b18   0x08005b18   0x00000046   Code   RO         3144    i.setLedAction      main.o
    0x08005b5e   0x08005b5e   0x00000002   PAD
    0x08005b60   0x08005b60   0x00000058   Code   RO         3145    i.setPassword       main.o
    0x08005bb8   0x08005bb8   0x000002b0   Code   RO         4006    x$fpl$ddiv          fz_ws.l(ddiv.o)
    0x08005e68   0x08005e68   0x0000005a   Code   RO         4009    x$fpl$dfixu         fz_ws.l(dfixu.o)
    0x08005ec2   0x08005ec2   0x00000026   Code   RO         4013    x$fpl$dfltu         fz_ws.l(dflt_clz.o)
    0x08005ee8   0x08005ee8   0x0000009c   Code   RO         4027    x$fpl$dnaninf       fz_ws.l(dnaninf.o)
    0x08005f84   0x08005f84   0x0000000c   Code   RO         4029    x$fpl$dretinf       fz_ws.l(dretinf.o)
    0x08005f90   0x08005f90   0x00000000   Code   RO         4031    x$fpl$usenofp       fz_ws.l(usenofp.o)
    0x08005f90   0x08005f90   0x00000028   Data   RO         3959    .constdata          c_w.l(_printf_hex_int.o)
    0x08005fb8   0x08005fb8   0x00000011   Data   RO         3989    .constdata          c_w.l(__printf_flags_wp.o)
    0x08005fc9   0x08005fc9   0x00000003   PAD
    0x08005fcc   0x08005fcc   0x00000020   Data   RO         4186    Region$$Table       anon$$obj.o


    Execution Region RW_IRAM1 (Exec base: 0x20000000, Load base: 0x08005fec, Size: 0x00001ee0, Max: 0x00010000, ABSOLUTE, COMPRESSED[0x00000414])

    Exec Addr    Load Addr    Size         Type   Attr      Idx    E Section Name        Object

    0x20000000   COMPRESSED   0x00000014   Data   RW         1757    .data               stm32f10x_rcc.o
    0x20000014   COMPRESSED   0x000000e1   Data   RW         3147    .data               main.o
    0x200000f5   COMPRESSED   0x000005f0   Data   RW         3362    .data               oled096.o
    0x200006e5   COMPRESSED   0x00000001   Data   RW         3429    .data               bsp_utils.o
    0x200006e6   COMPRESSED   0x00000009   Data   RW         3488    .data               led.o
    0x200006ef   COMPRESSED   0x00000001   Data   RW         3526    .data               beep.o
    0x200006f0   COMPRESSED   0x00000001   Data   RW         3823    .data               as608.o
    0x200006f1   COMPRESSED   0x00000003   PAD
    0x200006f4        -       0x0000008a   Zero   RW         3146    .bss                main.o
    0x2000077e        -       0x00001000   Zero   RW         3716    .bss                w25qxx.o
    0x2000177e        -       0x000000ff   Zero   RW         3822    .bss                as608.o
    0x2000187d   COMPRESSED   0x00000003   PAD
    0x20001880        -       0x00000060   Zero   RW         4060    .bss                c_w.l(libspace.o)
    0x200018e0        -       0x00000200   Zero   RW          131    HEAP                startup_stm32f10x_hd.o
    0x20001ae0        -       0x00000400   Zero   RW          130    STACK               startup_stm32f10x_hd.o


==============================================================================

Image component sizes


      Code (inc. data)   RO Data    RW Data    ZI Data      Debug   Object Name

      1416        186          0          1        255       7445   as608.o
       396         52          0          1          0       2239   beep.o
       188          4          0          1          0       1659   bsp_utils.o
         0          0          0          0          0       4588   core_cm3.o
       832         26          0          0          0       2648   keyboard.o
       604         74          0          9          0       3175   led.o
       132         14          0          0          0       1392   lock.o
     12884       1520          0        225        138      26790   main.o
       112         12          0          0          0     206104   misc.o
      1140         32          0       1520          0       5639   oled096.o
      1272         28          0          0          0       8540   rc522.o
       144          8          0          0          0        566   serialdebug.o
        64         26        304          0       1536        872   startup_stm32f10x_hd.o
       306          0          0          0          0       3312   stm32f10x_gpio.o
        26          0          0          0          0       3494   stm32f10x_it.o
       276         32          0         20          0       4570   stm32f10x_rcc.o
       112          0          0          0          0       3990   stm32f10x_spi.o
       256         42          0          0          0       4788   stm32f10x_tim.o
       442          6          0          0          0       6329   stm32f10x_usart.o
       328         28          0          0          0      52889   system_stm32f10x.o
       874         22          0          0       4096       6876   w25qxx.o

    ----------------------------------------------------------------------
     21826       2112        336       1780       6028     357905   Object Totals
         0          0         32          0          0          0   (incl. Generated)
        22          0          0          3          3          0   (incl. Padding)

    ----------------------------------------------------------------------

      Code (inc. data)   RO Data    RW Data    ZI Data      Debug   Library Member Name

        90          0          0          0          0          0   __dczerorl2.o
         8          0          0          0          0         68   __main.o
       312          4         17          0          0         92   __printf_flags_wp.o
        14          0          0          0          0         68   __printf_wp.o
         0          0          0          0          0          0   __rtentry.o
        12          0          0          0          0          0   __rtentry2.o
         6          0          0          0          0          0   __rtentry4.o
        52          8          0          0          0          0   __scatter.o
        28          0          0          0          0          0   __scatter_zi.o
        48          6          0          0          0         96   _printf_char_common.o
       120         16          0          0          0         92   _printf_dec.o
        88          4         40          0          0         88   _printf_hex_int.o
       178          0          0          0          0         88   _printf_intcommon.o
        78          0          0          0          0        108   _printf_pad.o
         0          0          0          0          0          0   _printf_percent.o
         4          0          0          0          0          0   _printf_percent_end.o
         6          0          0          0          0          0   _printf_u.o
         6          0          0          0          0          0   _printf_x.o
        10          0          0          0          0         68   _sputc.o
        18          0          0          0          0         80   exit.o
         6          0          0          0          0        152   heapauxi.o
         0          0          0          0          0          0   indicate_semi.o
         2          0          0          0          0          0   libinit.o
         2          0          0          0          0          0   libinit2.o
         2          0          0          0          0          0   libshutdown.o
         2          0          0          0          0          0   libshutdown2.o
         8          4          0          0         96         68   libspace.o
        40          6          0          0          0         84   noretval__2sprintf.o
       100          0          0          0          0         80   rt_memcpy_w.o
         2          0          0          0          0          0   rtexit.o
        10          0          0          0          0          0   rtexit2.o
        12          4          0          0          0         68   sys_exit.o
        74          0          0          0          0         80   sys_stackheap_outer.o
         2          0          0          0          0         68   use_no_semi.o
       688        140          0          0          0        208   ddiv.o
        90          4          0          0          0         92   dfixu.o
        38          0          0          0          0         68   dflt_clz.o
       156          4          0          0          0         92   dnaninf.o
        12          0          0          0          0         68   dretinf.o
         0          0          0          0          0          0   usenofp.o

    ----------------------------------------------------------------------
      2334        200         60          0         96       1976   Library Totals
        10          0          3          0          0          0   (incl. Padding)

    ----------------------------------------------------------------------

      Code (inc. data)   RO Data    RW Data    ZI Data      Debug   Library Name

      1340         52         57          0         96       1448   c_w.l
       984        148          0          0          0        528   fz_ws.l

    ----------------------------------------------------------------------
      2334        200         60          0         96       1976   Library Totals

    ----------------------------------------------------------------------

==============================================================================


      Code (inc. data)   RO Data    RW Data    ZI Data      Debug   

     24160       2312        396       1780       6124     352857   Grand Totals
     24160       2312        396       1044       6124     352857   ELF Image Totals (compressed)
     24160       2312        396       1044          0          0   ROM Totals

==============================================================================

    Total RO  Size (Code + RO Data)                24556 (  23.98kB)
    Total RW  Size (RW Data + ZI Data)              7904 (   7.72kB)
    Total ROM Size (Code + RO Data + RW Data)      25600 (  25.00kB)

==============================================================================

